Archive member included to satisfy reference by file (symbol)

D:/msys64/arm-gnu-toolchain-14.2.rel1-mingw-w64-i686-arm-none-eabi/bin/../lib/gcc/arm-none-eabi/14.2.1/thumb/v7-m/nofp\libm.a(libm_a-s_cos.o)
                              CMakeFiles/mecanum_pid_3.elf.dir/Core/Src/mecanum.cpp.obj (cos)
D:/msys64/arm-gnu-toolchain-14.2.rel1-mingw-w64-i686-arm-none-eabi/bin/../lib/gcc/arm-none-eabi/14.2.1/thumb/v7-m/nofp\libm.a(libm_a-s_sin.o)
                              CMakeFiles/mecanum_pid_3.elf.dir/Core/Src/mecanum.cpp.obj (sin)
D:/msys64/arm-gnu-toolchain-14.2.rel1-mingw-w64-i686-arm-none-eabi/bin/../lib/gcc/arm-none-eabi/14.2.1/thumb/v7-m/nofp\libm.a(libm_a-k_cos.o)
                              D:/msys64/arm-gnu-toolchain-14.2.rel1-mingw-w64-i686-arm-none-eabi/bin/../lib/gcc/arm-none-eabi/14.2.1/thumb/v7-m/nofp\libm.a(libm_a-s_cos.o) (__kernel_cos)
D:/msys64/arm-gnu-toolchain-14.2.rel1-mingw-w64-i686-arm-none-eabi/bin/../lib/gcc/arm-none-eabi/14.2.1/thumb/v7-m/nofp\libm.a(libm_a-k_sin.o)
                              D:/msys64/arm-gnu-toolchain-14.2.rel1-mingw-w64-i686-arm-none-eabi/bin/../lib/gcc/arm-none-eabi/14.2.1/thumb/v7-m/nofp\libm.a(libm_a-s_cos.o) (__kernel_sin)
D:/msys64/arm-gnu-toolchain-14.2.rel1-mingw-w64-i686-arm-none-eabi/bin/../lib/gcc/arm-none-eabi/14.2.1/thumb/v7-m/nofp\libm.a(libm_a-e_rem_pio2.o)
                              D:/msys64/arm-gnu-toolchain-14.2.rel1-mingw-w64-i686-arm-none-eabi/bin/../lib/gcc/arm-none-eabi/14.2.1/thumb/v7-m/nofp\libm.a(libm_a-s_cos.o) (__ieee754_rem_pio2)
D:/msys64/arm-gnu-toolchain-14.2.rel1-mingw-w64-i686-arm-none-eabi/bin/../lib/gcc/arm-none-eabi/14.2.1/thumb/v7-m/nofp\libm.a(libm_a-s_fabs.o)
                              D:/msys64/arm-gnu-toolchain-14.2.rel1-mingw-w64-i686-arm-none-eabi/bin/../lib/gcc/arm-none-eabi/14.2.1/thumb/v7-m/nofp\libm.a(libm_a-e_rem_pio2.o) (fabs)
D:/msys64/arm-gnu-toolchain-14.2.rel1-mingw-w64-i686-arm-none-eabi/bin/../lib/gcc/arm-none-eabi/14.2.1/thumb/v7-m/nofp\libm.a(libm_a-k_rem_pio2.o)
                              D:/msys64/arm-gnu-toolchain-14.2.rel1-mingw-w64-i686-arm-none-eabi/bin/../lib/gcc/arm-none-eabi/14.2.1/thumb/v7-m/nofp\libm.a(libm_a-e_rem_pio2.o) (__kernel_rem_pio2)
D:/msys64/arm-gnu-toolchain-14.2.rel1-mingw-w64-i686-arm-none-eabi/bin/../lib/gcc/arm-none-eabi/14.2.1/thumb/v7-m/nofp\libm.a(libm_a-s_scalbn.o)
                              D:/msys64/arm-gnu-toolchain-14.2.rel1-mingw-w64-i686-arm-none-eabi/bin/../lib/gcc/arm-none-eabi/14.2.1/thumb/v7-m/nofp\libm.a(libm_a-k_rem_pio2.o) (scalbn)
D:/msys64/arm-gnu-toolchain-14.2.rel1-mingw-w64-i686-arm-none-eabi/bin/../lib/gcc/arm-none-eabi/14.2.1/thumb/v7-m/nofp\libm.a(libm_a-s_floor.o)
                              D:/msys64/arm-gnu-toolchain-14.2.rel1-mingw-w64-i686-arm-none-eabi/bin/../lib/gcc/arm-none-eabi/14.2.1/thumb/v7-m/nofp\libm.a(libm_a-k_rem_pio2.o) (floor)
D:/msys64/arm-gnu-toolchain-14.2.rel1-mingw-w64-i686-arm-none-eabi/bin/../lib/gcc/arm-none-eabi/14.2.1/thumb/v7-m/nofp\libgcc.a(_arm_muldf3.o)
                              CMakeFiles/mecanum_pid_3.elf.dir/Core/Src/encoder.cpp.obj (__aeabi_dmul)
D:/msys64/arm-gnu-toolchain-14.2.rel1-mingw-w64-i686-arm-none-eabi/bin/../lib/gcc/arm-none-eabi/14.2.1/thumb/v7-m/nofp\libgcc.a(_arm_mulsf3.o)
                              CMakeFiles/mecanum_pid_3.elf.dir/Core/Src/PID.cpp.obj (__aeabi_fmul)
D:/msys64/arm-gnu-toolchain-14.2.rel1-mingw-w64-i686-arm-none-eabi/bin/../lib/gcc/arm-none-eabi/14.2.1/thumb/v7-m/nofp\libgcc.a(_arm_addsubdf3.o)
                              CMakeFiles/mecanum_pid_3.elf.dir/Core/Src/mecanum.cpp.obj (__aeabi_dsub)
D:/msys64/arm-gnu-toolchain-14.2.rel1-mingw-w64-i686-arm-none-eabi/bin/../lib/gcc/arm-none-eabi/14.2.1/thumb/v7-m/nofp\libgcc.a(_arm_muldivdf3.o)
                              CMakeFiles/mecanum_pid_3.elf.dir/Core/Src/mecanum.cpp.obj (__aeabi_ddiv)
D:/msys64/arm-gnu-toolchain-14.2.rel1-mingw-w64-i686-arm-none-eabi/bin/../lib/gcc/arm-none-eabi/14.2.1/thumb/v7-m/nofp\libgcc.a(_arm_cmpdf2.o)
                              D:/msys64/arm-gnu-toolchain-14.2.rel1-mingw-w64-i686-arm-none-eabi/bin/../lib/gcc/arm-none-eabi/14.2.1/thumb/v7-m/nofp\libm.a(libm_a-e_rem_pio2.o) (__aeabi_dcmpeq)
D:/msys64/arm-gnu-toolchain-14.2.rel1-mingw-w64-i686-arm-none-eabi/bin/../lib/gcc/arm-none-eabi/14.2.1/thumb/v7-m/nofp\libgcc.a(_arm_fixdfsi.o)
                              D:/msys64/arm-gnu-toolchain-14.2.rel1-mingw-w64-i686-arm-none-eabi/bin/../lib/gcc/arm-none-eabi/14.2.1/thumb/v7-m/nofp\libm.a(libm_a-k_cos.o) (__aeabi_d2iz)
D:/msys64/arm-gnu-toolchain-14.2.rel1-mingw-w64-i686-arm-none-eabi/bin/../lib/gcc/arm-none-eabi/14.2.1/thumb/v7-m/nofp\libgcc.a(_arm_truncdfsf2.o)
                              CMakeFiles/mecanum_pid_3.elf.dir/Core/Src/encoder.cpp.obj (__aeabi_d2f)
D:/msys64/arm-gnu-toolchain-14.2.rel1-mingw-w64-i686-arm-none-eabi/bin/../lib/gcc/arm-none-eabi/14.2.1/thumb/v7-m/nofp\libgcc.a(_arm_addsubsf3.o)
[...]
Memory Configuration

Name             Origin             Length             Attributes
RAM              0x20000000         0x00010000         xrw
FLASH            0x08000000         0x00080000         xr
*default*        0x00000000         0xffffffff

Linker script and memory map

LOAD D:/msys64/arm-gnu-toolchain-14.2.rel1-mingw-w64-i686-arm-none-eabi/bin/../lib/gcc/arm-none-eabi/14.2.1/thumb/v7-m/nofp/crti.o
LOAD D:/msys64/arm-gnu-toolchain-14.2.rel1-mingw-w64-i686-arm-none-eabi/bin/../lib/gcc/arm-none-eabi/14.2.1/thumb/v7-m/nofp/crtbegin.o
LOAD D:/msys64/arm-gnu-toolchain-14.2.rel1-mingw-w64-i686-arm-none-eabi/bin/../lib/gcc/arm-none-eabi/14.2.1/thumb/v7-m/nofp/crt0.o
LOAD CMakeFiles/mecanum_pid_3.elf.dir/Core/Src/PID.cpp.obj
LOAD CMakeFiles/mecanum_pid_3.elf.dir/Core/Src/encoder.cpp.obj
LOAD CMakeFiles/mecanum_pid_3.elf.dir/Core/Src/gpio.c.obj
LOAD CMakeFiles/mecanum_pid_3.elf.dir/Core/Src/main.c.obj
LOAD CMakeFiles/mecanum_pid_3.elf.dir/Core/Src/mecanum.cpp.obj
LOAD CMakeFiles/mecanum_pid_3.elf.dir/Core/Src/motor.cpp.obj
LOAD CMakeFiles/mecanum_pid_3.elf.dir/Core/Src/robot.cpp.obj
LOAD CMakeFiles/mecanum_pid_3.elf.dir/Core/Src/stm32f1xx_hal_msp.c.obj
LOAD CMakeFiles/mecanum_pid_3.elf.dir/Core/Src/stm32f1xx_it.c.obj
LOAD CMakeFiles/mecanum_pid_3.elf.dir/Core/Src/syscalls.c.obj
LOAD CMakeFiles/mecanum_pid_3.elf.dir/Core/Src/sysmem.c.obj
LOAD CMakeFiles/mecanum_pid_3.elf.dir/Core/Src/system_stm32f1xx.c.obj
LOAD CMakeFiles/mecanum_pid_3.elf.dir/Core/Src/tim.c.obj
LOAD CMakeFiles/mecanum_pid_3.elf.dir/Core/Startup/startup_stm32f103zetx.s.obj
LOAD CMakeFiles/mecanum_pid_3.elf.dir/Drivers/STM32F1xx_HAL_Driver/Src/stm32f1xx_hal.c.obj
LOAD CMakeFiles/mecanum_pid_3.elf.dir/Drivers/STM32F1xx_HAL_Driver/Src/stm32f1xx_hal_cortex.c.obj
LOAD CMakeFiles/mecanum_pid_3.elf.dir/Drivers/STM32F1xx_HAL_Driver/Src/stm32f1xx_hal_dma.c.obj
LOAD CMakeFiles/mecanum_pid_3.elf.dir/Drivers/STM32F1xx_HAL_Driver/Src/stm32f1xx_hal_exti.c.obj
LOAD CMakeFiles/mecanum_pid_3.elf.dir/Drivers/STM32F1xx_HAL_Driver/Src/stm32f1xx_hal_flash.c.obj
LOAD CMakeFiles/mecanum_pid_3.elf.dir/Drivers/STM32F1xx_HAL_Driver/Src/stm32f1xx_hal_flash_ex.c.obj
LOAD CMakeFiles/mecanum_pid_3.elf.dir/Drivers/STM32F1xx_HAL_Driver/Src/stm32f1xx_hal_gpio.c.obj
LOAD CMakeFiles/mecanum_pid_3.elf.dir/Drivers/STM32F1xx_HAL_Driver/Src/stm32f1xx_hal_gpio_ex.c.obj
LOAD CMakeFiles/mecanum_pid_3.elf.dir/Drivers/STM32F1xx_HAL_Driver/Src/stm32f1xx_hal_pwr.c.obj
LOAD CMakeFiles/mecanum_pid_3.elf.dir/Drivers/STM32F1xx_HAL_Driver/Src/stm32f1xx_hal_rcc.c.obj
LOAD CMakeFiles/mecanum_pid_3.elf.dir/Drivers/STM32F1xx_HAL_Driver/Src/stm32f1xx_hal_rcc_ex.c.obj
LOAD CMakeFiles/mecanum_pid_3.elf.dir/Drivers/STM32F1xx_HAL_Driver/Src/stm32f1xx_hal_tim.c.obj
LOAD CMakeFiles/mecanum_pid_3.elf.dir/Drivers/STM32F1xx_HAL_Driver/Src/stm32f1xx_hal_tim_ex.c.obj
LOAD D:/msys64/arm-gnu-toolchain-14.2.rel1-mingw-w64-i686-arm-none-eabi/bin/../lib/gcc/arm-none-eabi/14.2.1/thumb/v7-m/nofp\libstdc++.a
LOAD D:/msys64/arm-gnu-toolchain-14.2.rel1-mingw-w64-i686-arm-none-eabi/bin/../lib/gcc/arm-none-eabi/14.2.1/thumb/v7-m/nofp\libm.a
START GROUP
LOAD D:/msys64/arm-gnu-toolchain-14.2.rel1-mingw-w64-i686-arm-none-eabi/bin/../lib/gcc/arm-none-eabi/14.2.1/thumb/v7-m/nofp\libgcc.a
LOAD D:/msys64/arm-gnu-toolchain-14.2.rel1-mingw-w64-i686-arm-none-eabi/bin/../lib/gcc/arm-none-eabi/14.2.1/thumb/v7-m/nofp\libg.a
LOAD D:/msys64/arm-gnu-toolchain-14.2.rel1-mingw-w64-i686-arm-none-eabi/bin/../lib/gcc/arm-none-eabi/14.2.1/thumb/v7-m/nofp\libc.a
END GROUP
LOAD D:/msys64/arm-gnu-toolchain-14.2.rel1-mingw-w64-i686-arm-none-eabi/bin/../lib/gcc/arm-none-eabi/14.2.1/thumb/v7-m/nofp/crtend.o
LOAD D:/msys64/arm-gnu-toolchain-14.2.rel1-mingw-w64-i686-arm-none-eabi/bin/../lib/gcc/arm-none-eabi/14.2.1/thumb/v7-m/nofp/crtn.o
                0x20010000                        _estack = (ORIGIN (RAM) + LENGTH (RAM))
                0x00000200                        _Min_Heap_Size = 0x200
                0x00000400                        _Min_Stack_Size = 0x400

.isr_vector     0x08000000      0x1e4
                0x08000000                        . = ALIGN (0x4)
 *(.isr_vector)
 .isr_vector    0x08000000      0x1e4 CMakeFiles/mecanum_pid_3.elf.dir/Core/Startup/startup_stm32f103zetx.s.obj
                0x08000000                g_pfnVectors
                0x080001e4                        . = ALIGN (0x4)

.text           0x080001e8     0x5304
                0x080001e8                        . = ALIGN (0x4)
 *(.text)
 .text          0x080001e8      0x168 D:/msys64/arm-gnu-toolchain-14.2.rel1-mingw-w64-i686-arm-none-eabi/bin/../lib/gcc/arm-none-eabi/14.2.1/thumb/v7-m/nofp\libgcc.a(_arm_mulsf3.o)
                0x080001e8                __aeabi_fmul
                0x080001e8                __mulsf3
 .text          0x08000350      0x378 D:/msys64/arm-gnu-toolchain-14.2.rel1-mingw-w64-i686-arm-none-eabi/bin/../lib/gcc/arm-none-eabi/14.2.1/thumb/v7-m/nofp\libgcc.a(_arm_addsubdf3.o)
                0x08000350                __aeabi_drsub
                0x08000358                __aeabi_dsub
                0x08000358                __subdf3
                0x0800035c                __aeabi_dadd
                0x0800035c                __adddf3
                0x080005d4                __floatunsidf
                0x080005d4                __aeabi_ui2d
                0x080005f4                __floatsidf
                0x080005f4                __aeabi_i2d
                0x08000618                __aeabi_f2d
                0x08000618                __extendsfdf2
                0x0800065c                __floatundidf
                0x0800065c                __aeabi_ul2d
                0x0800066c                __floatdidf
                0x0800066c                __aeabi_l2d
 .text          0x080006c8      0x424 D:/msys64/arm-gnu-toolchain-14.2.rel1-mingw-w64-i686-arm-none-eabi/bin/../lib/gcc/arm-none-eabi/14.2.1/thumb/v7-m/nofp\libgcc.a(_arm_muldivdf3.o)
                0x080006c8                __aeabi_dmul
                0x080006c8                __muldf3
                0x0800091c                __divdf3
                0x0800091c                __aeabi_ddiv
 .text          0x08000aec      0x110 D:/msys64/arm-gnu-toolchain-14.2.rel1-mingw-w64-i686-arm-none-eabi/bin/../lib/gcc/arm-none-eabi/14.2.1/thumb/v7-m/nofp\libgcc.a(_arm_cmpdf2.o)
                0x08000aec                __gtdf2
                0x08000aec                __gedf2
                0x08000af4                __ltdf2
                0x08000af4                __ledf2
                0x08000afc                __nedf2
                0x08000afc                __eqdf2
                0x08000afc                __cmpdf2
                0x08000b78                __aeabi_cdrcmple
                0x08000b88                __aeabi_cdcmpeq
                0x08000b88                __aeabi_cdcmple
                0x08000b98                __aeabi_dcmpeq
                0x08000bac                __aeabi_dcmplt
                0x08000bc0                __aeabi_dcmple
                0x08000bd4                __aeabi_dcmpge
                0x08000be8                __aeabi_dcmpgt
 .text          0x08000bfc       0x50 D:/msys64/arm-gnu-toolchain-14.2.rel1-mingw-w64-i686-arm-none-eabi/bin/../lib/gcc/arm-none-eabi/14.2.1/thumb/v7-m/nofp\libgcc.a(_arm_fixdfsi.o)
                0x08000bfc                __aeabi_d2iz
                0x08000bfc                __fixdfsi
 .text          0x08000c4c       0xa0 D:/msys64/arm-gnu-toolchain-14.2.rel1-mingw-w64-i686-arm-none-eabi/bin/../lib/gcc/arm-none-eabi/14.2.1/thumb/v7-m/nofp\libgcc.a(_arm_truncdfsf2.o)
                0x08000c4c                __truncdfsf2
                0x08000c4c                __aeabi_d2f
 .text          0x08000cec      0x21c D:/msys64/arm-gnu-toolchain-14.2.rel1-mingw-w64-i686-arm-none-eabi/bin/../lib/gcc/arm-none-eabi/14.2.1/thumb/v7-m/nofp\libgcc.a(_arm_addsubsf3.o)
                0x08000cec                __aeabi_frsub
                0x08000cf4                __subsf3
                0x08000cf4                __aeabi_fsub
                0x08000cf8                __aeabi_fadd
                0x08000cf8                __addsf3
                0x08000e58                __aeabi_ui2f
                0x08000e58                __floatunsisf
                0x08000e60                __aeabi_i2f
                0x08000e60                __floatsisf
                0x08000e7c                __aeabi_ul2f
                0x08000e7c                __floatundisf
                0x08000e8c                __aeabi_l2f
                0x08000e8c                __floatdisf
 .text          0x08000f08       0xec D:/msys64/arm-gnu-toolchain-14.2.rel1-mingw-w64-i686-arm-none-eabi/bin/../lib/gcc/arm-none-eabi/14.2.1/thumb/v7-m/nofp\libgcc.a(_arm_cmpsf2.o)
                0x08000f08                __gesf2
                0x08000f08                __gtsf2
                0x08000f10                __lesf2
                0x08000f10                __ltsf2
                0x08000f18                __nesf2
                0x08000f18                __eqsf2
                0x08000f18                __cmpsf2
                0x08000f78                __aeabi_cfrcmple
                0x08000f80                __aeabi_cfcmpeq
                0x08000f80                __aeabi_cfcmple
                0x08000f90                __aeabi_fcmpeq
                0x08000fa4                __aeabi_fcmplt
                0x08000fb8                __aeabi_fcmple
                0x08000fcc                __aeabi_fcmpge
                0x08000fe0                __aeabi_fcmpgt
 .text          0x08000ff4       0x4c D:/msys64/arm-gnu-toolchain-14.2.rel1-mingw-w64-i686-arm-none-eabi/bin/../lib/gcc/arm-none-eabi/14.2.1/thumb/v7-m/nofp\libgcc.a(_arm_fixsfsi.o)
                0x08000ff4                __aeabi_f2iz
                0x08000ff4                __fixsfsi
 .text          0x08001040      0x1ac D:/msys64/arm-gnu-toolchain-14.2.rel1-mingw-w64-i686-arm-none-eabi/bin/../lib/gcc/arm-none-eabi/14.2.1/thumb/v7-m/nofp\libgcc.a(libunwind.o)
                0x08001040                __restore_core_regs
                0x08001040                restore_core_regs
                0x08001058                __gnu_Unwind_Restore_VFP
                0x08001060                __gnu_Unwind_Save_VFP
                0x08001068                __gnu_Unwind_Restore_VFP_D
                0x08001070                __gnu_Unwind_Save_VFP_D
                0x08001078                __gnu_Unwind_Restore_VFP_D_16_to_31
                0x08001080                __gnu_Unwind_Save_VFP_D_16_to_31
                0x08001088                __gnu_Unwind_Restore_WMMXD
                0x080010cc                __gnu_Unwind_Save_WMMXD
                0x08001110                __gnu_Unwind_Restore_WMMXC
                0x08001124                __gnu_Unwind_Save_WMMXC
                0x08001138                ___Unwind_RaiseException
                0x08001138                _Unwind_RaiseException
                0x0800115c                _Unwind_Resume
                0x0800115c                ___Unwind_Resume
                0x08001180                _Unwind_Resume_or_Rethrow
                0x08001180                ___Unwind_Resume_or_Rethrow
                0x080011a4                _Unwind_ForcedUnwind
                0x080011a4                ___Unwind_ForcedUnwind
                0x080011c8                ___Unwind_Backtrace
                0x080011c8                _Unwind_Backtrace
 .text          0x080011ec       0xec D:/msys64/arm-gnu-toolchain-14.2.rel1-mingw-w64-i686-arm-none-eabi/bin/../lib/gcc/arm-none-eabi/14.2.1/thumb/v7-m/nofp\libg.a(libc_a-memcpy.o)
                0x080011ec                memcpy
 *(.text*)
 .text.deregister_tm_clones
                0x080012d8       0x1c D:/msys64/arm-gnu-toolchain-14.2.rel1-mingw-w64-i686-arm-none-eabi/bin/../lib/gcc/arm-none-eabi/14.2.1/thumb/v7-m/nofp/crtbegin.o
 .text.register_tm_clones
                0x080012f4       0x24 D:/msys64/arm-gnu-toolchain-14.2.rel1-mingw-w64-i686-arm-none-eabi/bin/../lib/gcc/arm-none-eabi/14.2.1/thumb/v7-m/nofp/crtbegin.o
 .text.__do_global_dtors_aux
                0x08001318       0x28 D:/msys64/arm-gnu-toolchain-14.2.rel1-mingw-w64-i686-arm-none-eabi/bin/../lib/gcc/arm-none-eabi/14.2.1/thumb/v7-m/nofp/crtbegin.o
 .text.frame_dummy
                0x08001340       0x24 D:/msys64/arm-gnu-toolchain-14.2.rel1-mingw-w64-i686-arm-none-eabi/bin/../lib/gcc/arm-none-eabi/14.2.1/thumb/v7-m/nofp/crtbegin.o
 .text.velocity_PID
                0x08001364       0x84 CMakeFiles/mecanum_pid_3.elf.dir/Core/Src/PID.cpp.obj
                0x08001364                velocity_PID
 .text.velovity_control
                0x080013e8       0x44 CMakeFiles/mecanum_pid_3.elf.dir/Core/Src/PID.cpp.obj
                0x080013e8                velovity_control
 .text.Encoder_Getcounter
                0x0800142c       0x44 CMakeFiles/mecanum_pid_3.elf.dir/Core/Src/encoder.cpp.obj
                0x0800142c                Encoder_Getcounter
 .text.Encoder_Setcounter
                0x08001470       0x40 CMakeFiles/mecanum_pid_3.elf.dir/Core/Src/encoder.cpp.obj
                0x08001470                Encoder_Setcounter
 .text.Encoder_Reset
                0x080014b0       0x24 CMakeFiles/mecanum_pid_3.elf.dir/Core/Src/encoder.cpp.obj
                0x080014b0                Encoder_Reset
 *fill*         0x080014d4        0x4 
 .text.Encoder2Wheel
                0x080014d8       0x90 CMakeFiles/mecanum_pid_3.elf.dir/Core/Src/encoder.cpp.obj
                0x080014d8                Encoder2Wheel
 .text.MX_GPIO_Init
                0x08001568       0x68 CMakeFiles/mecanum_pid_3.elf.dir/Core/Src/gpio.c.obj
                0x08001568                MX_GPIO_Init
 .text.Error_Handler
                0x080015d0        0x4 CMakeFiles/mecanum_pid_3.elf.dir/Core/Src/main.c.obj
                0x080015d0                Error_Handler
 .text.SystemClock_Config
                0x080015d4       0x64 CMakeFiles/mecanum_pid_3.elf.dir/Core/Src/main.c.obj
                0x080015d4                SystemClock_Config
 .text.main     0x08001638       0x3c CMakeFiles/mecanum_pid_3.elf.dir/Core/Src/main.c.obj
                0x08001638                main
 *fill*         0x08001674        0x4 
 .text.Robot2Wheel
                0x08001678      0x1b0 CMakeFiles/mecanum_pid_3.elf.dir/Core/Src/mecanum.cpp.obj
                0x08001678                Robot2Wheel
 .text.Setting2Robot
                0x08001828       0x84 CMakeFiles/mecanum_pid_3.elf.dir/Core/Src/mecanum.cpp.obj
                0x08001828                Setting2Robot
 .text.motor_control
                0x080018ac      0x104 CMakeFiles/mecanum_pid_3.elf.dir/Core/Src/motor.cpp.obj
                0x080018ac                motor_control
 .text.motors_control
                0x080019b0       0x32 CMakeFiles/mecanum_pid_3.elf.dir/Core/Src/motor.cpp.obj
                0x080019b0                motors_control
 .text.robot_control
                0x080019e2       0x50 CMakeFiles/mecanum_pid_3.elf.dir/Core/Src/robot.cpp.obj
                0x080019e2                robot_control
 *fill*         0x08001a32        0x2 
 .text.HAL_MspInit
                0x08001a34       0x44 CMakeFiles/mecanum_pid_3.elf.dir/Core/Src/stm32f1xx_hal_msp.c.obj
                0x08001a34                HAL_MspInit
 .text.NMI_Handler
                0x08001a78        0x2 CMakeFiles/mecanum_pid_3.elf.dir/Core/Src/stm32f1xx_it.c.obj
                0x08001a78                NMI_Handler
 .text.HardFault_Handler
                0x08001a7a        0x2 CMakeFiles/mecanum_pid_3.elf.dir/Core/Src/stm32f1xx_it.c.obj
                0x08001a7a                HardFault_Handler
 .text.MemManage_Handler
                0x08001a7c        0x2 CMakeFiles/mecanum_pid_3.elf.dir/Core/Src/stm32f1xx_it.c.obj
                0x08001a7c                MemManage_Handler
 .text.BusFault_Handler
                0x08001a7e        0x2 CMakeFiles/mecanum_pid_3.elf.dir/Core/Src/stm32f1xx_it.c.obj
                0x08001a7e                BusFault_Handler
 .text.UsageFault_Handler
                0x08001a80        0x2 CMakeFiles/mecanum_pid_3.elf.dir/Core/Src/stm32f1xx_it.c.obj
                0x08001a80                UsageFault_Handler
 .text.SVC_Handler
                0x08001a82        0x2 CMakeFiles/mecanum_pid_3.elf.dir/Core/Src/stm32f1xx_it.c.obj
                0x08001a82                SVC_Handler
 .text.DebugMon_Handler
                0x08001a84        0x2 CMakeFiles/mecanum_pid_3.elf.dir/Core/Src/stm32f1xx_it.c.obj
                0x08001a84                DebugMon_Handler
 .text.PendSV_Handler
                0x08001a86        0x2 CMakeFiles/mecanum_pid_3.elf.dir/Core/Src/stm32f1xx_it.c.obj
                0x08001a86                PendSV_Handler
 .text.SysTick_Handler
                0x08001a88        0x8 CMakeFiles/mecanum_pid_3.elf.dir/Core/Src/stm32f1xx_it.c.obj
                0x08001a88                SysTick_Handler
 .text._getpid  0x08001a90        0x4 CMakeFiles/mecanum_pid_3.elf.dir/Core/Src/syscalls.c.obj
                0x08001a90                _getpid
 .text._kill    0x08001a94       0x10 CMakeFiles/mecanum_pid_3.elf.dir/Core/Src/syscalls.c.obj
                0x08001a94                _kill
 .text._exit    0x08001aa4        0xc CMakeFiles/mecanum_pid_3.elf.dir/Core/Src/syscalls.c.obj
                0x08001aa4                _exit
 .text.SystemInit
                0x08001ab0        0x2 CMakeFiles/mecanum_pid_3.elf.dir/Core/Src/system_stm32f1xx.c.obj
                0x08001ab0                SystemInit
 *fill*         0x08001ab2        0x2 
 .text.MX_TIM2_Init
                0x08001ab4       0x64 CMakeFiles/mecanum_pid_3.elf.dir/Core/Src/tim.c.obj
                0x08001ab4                MX_TIM2_Init
 .text.MX_TIM3_Init
                0x08001b18       0x64 CMakeFiles/mecanum_pid_3.elf.dir/Core/Src/tim.c.obj
                0x08001b18                MX_TIM3_Init
 .text.MX_TIM4_Init
                0x08001b7c       0x64 CMakeFiles/mecanum_pid_3.elf.dir/Core/Src/tim.c.obj
                0x08001b7c                MX_TIM4_Init
 .text.MX_TIM5_Init
                0x08001be0       0x64 CMakeFiles/mecanum_pid_3.elf.dir/Core/Src/tim.c.obj
                0x08001be0                MX_TIM5_Init
 .text.HAL_TIM_Base_MspInit
                0x08001c44       0x4c CMakeFiles/mecanum_pid_3.elf.dir/Core/Src/tim.c.obj
                0x08001c44                HAL_TIM_Base_MspInit
 .text.HAL_TIM_Encoder_MspInit
                0x08001c90      0x168 CMakeFiles/mecanum_pid_3.elf.dir/Core/Src/tim.c.obj
                0x08001c90                HAL_TIM_Encoder_MspInit
 .text.HAL_TIM_MspPostInit
                0x08001df8       0x9c CMakeFiles/mecanum_pid_3.elf.dir/Core/Src/tim.c.obj
                0x08001df8                HAL_TIM_MspPostInit
 .text.MX_TIM1_Init
                0x08001e94      0x120 CMakeFiles/mecanum_pid_3.elf.dir/Core/Src/tim.c.obj
                0x08001e94                MX_TIM1_Init
 .text.MX_TIM8_Init
                0x08001fb4      0x120 CMakeFiles/mecanum_pid_3.elf.dir/Core/Src/tim.c.obj
                0x08001fb4                MX_TIM8_Init
 .text.Reset_Handler
                0x080020d4       0x48 CMakeFiles/mecanum_pid_3.elf.dir/Core/Startup/startup_stm32f103zetx.s.obj
                0x080020d4                Reset_Handler
 .text.Default_Handler
                0x0800211c        0x2 CMakeFiles/mecanum_pid_3.elf.dir/Core/Startup/startup_stm32f103zetx.s.obj
                0x0800211c                RTC_Alarm_IRQHandler
                0x0800211c                EXTI2_IRQHandler
                0x0800211c                TIM8_TRG_COM_IRQHandler
                0x0800211c                TIM8_CC_IRQHandler
                0x0800211c                TIM1_CC_IRQHandler
                0x0800211c                TIM6_IRQHandler
                0x0800211c                PVD_IRQHandler
                0x0800211c                SDIO_IRQHandler
                0x0800211c                EXTI3_IRQHandler
                0x0800211c                EXTI0_IRQHandler
                0x0800211c                I2C2_EV_IRQHandler
                0x0800211c                ADC1_2_IRQHandler
                0x0800211c                SPI1_IRQHandler
                0x0800211c                TAMPER_IRQHandler
                0x0800211c                TIM8_UP_IRQHandler
                0x0800211c                DMA2_Channel2_IRQHandler
                0x0800211c                DMA1_Channel4_IRQHandler
                0x0800211c                USART3_IRQHandler
                0x0800211c                RTC_IRQHandler
                0x0800211c                DMA1_Channel7_IRQHandler
                0x0800211c                CAN1_RX1_IRQHandler
                0x0800211c                UART5_IRQHandler
                0x0800211c                ADC3_IRQHandler
                0x0800211c                TIM4_IRQHandler
                0x0800211c                DMA2_Channel1_IRQHandler
                0x0800211c                I2C1_EV_IRQHandler
                0x0800211c                DMA1_Channel6_IRQHandler
                0x0800211c                UART4_IRQHandler
                0x0800211c                TIM3_IRQHandler
                0x0800211c                RCC_IRQHandler
                0x0800211c                TIM1_TRG_COM_IRQHandler
                0x0800211c                DMA1_Channel1_IRQHandler
                0x0800211c                Default_Handler
                0x0800211c                EXTI15_10_IRQHandler
                0x0800211c                TIM7_IRQHandler
                0x0800211c                TIM5_IRQHandler
                0x0800211c                EXTI9_5_IRQHandler
                0x0800211c                SPI2_IRQHandler
                0x0800211c                DMA1_Channel5_IRQHandler
                0x0800211c                EXTI4_IRQHandler
                0x0800211c                USB_LP_CAN1_RX0_IRQHandler
                0x0800211c                USB_HP_CAN1_TX_IRQHandler
                0x0800211c                DMA1_Channel3_IRQHandler
                0x0800211c                FSMC_IRQHandler
                0x0800211c                TIM1_UP_IRQHandler
                0x0800211c                WWDG_IRQHandler
                0x0800211c                TIM2_IRQHandler
                0x0800211c                TIM1_BRK_IRQHandler
                0x0800211c                EXTI1_IRQHandler
                0x0800211c                DMA2_Channel4_5_IRQHandler
                0x0800211c                USART2_IRQHandler
                0x0800211c                I2C2_ER_IRQHandler
                0x0800211c                DMA1_Channel2_IRQHandler
                0x0800211c                TIM8_BRK_IRQHandler
                0x0800211c                CAN1_SCE_IRQHandler
                0x0800211c                FLASH_IRQHandler
                0x0800211c                USART1_IRQHandler
                0x0800211c                SPI3_IRQHandler
                0x0800211c                I2C1_ER_IRQHandler
                0x0800211c                USBWakeUp_IRQHandler
                0x0800211c                DMA2_Channel3_IRQHandler
 *fill*         0x0800211e        0x2 
 .text.HAL_InitTick
                0x08002120       0x4c CMakeFiles/mecanum_pid_3.elf.dir/Drivers/STM32F1xx_HAL_Driver/Src/stm32f1xx_hal.c.obj
                0x08002120                HAL_InitTick
 .text.HAL_Init
                0x0800216c       0x24 CMakeFiles/mecanum_pid_3.elf.dir/Drivers/STM32F1xx_HAL_Driver/Src/stm32f1xx_hal.c.obj
                0x0800216c                HAL_Init
 .text.HAL_IncTick
                0x08002190       0x18 CMakeFiles/mecanum_pid_3.elf.dir/Drivers/STM32F1xx_HAL_Driver/Src/stm32f1xx_hal.c.obj
                0x08002190                HAL_IncTick
 .text.HAL_GetTick
                0x080021a8        0xc CMakeFiles/mecanum_pid_3.elf.dir/Drivers/STM32F1xx_HAL_Driver/Src/stm32f1xx_hal.c.obj
                0x080021a8                HAL_GetTick
 .text.__NVIC_SetPriority
                0x080021b4       0x28 CMakeFiles/mecanum_pid_3.elf.dir/Drivers/STM32F1xx_HAL_Driver/Src/stm32f1xx_hal_cortex.c.obj
 .text.NVIC_EncodePriority
                0x080021dc       0x3e CMakeFiles/mecanum_pid_3.elf.dir/Drivers/STM32F1xx_HAL_Driver/Src/stm32f1xx_hal_cortex.c.obj
 *fill*         0x0800221a        0x2 
 .text.HAL_NVIC_SetPriorityGrouping
                0x0800221c       0x24 CMakeFiles/mecanum_pid_3.elf.dir/Drivers/STM32F1xx_HAL_Driver/Src/stm32f1xx_hal_cortex.c.obj
                0x0800221c                HAL_NVIC_SetPriorityGrouping
 .text.HAL_NVIC_SetPriority
                0x08002240       0x20 CMakeFiles/mecanum_pid_3.elf.dir/Drivers/STM32F1xx_HAL_Driver/Src/stm32f1xx_hal_cortex.c.obj
                0x08002240                HAL_NVIC_SetPriority
 .text.HAL_SYSTICK_Config
                0x08002260       0x28 CMakeFiles/mecanum_pid_3.elf.dir/Drivers/STM32F1xx_HAL_Driver/Src/stm32f1xx_hal_cortex.c.obj
                0x08002260                HAL_SYSTICK_Config
 .text.HAL_GPIO_Init
                0x08002288      0x230 CMakeFiles/mecanum_pid_3.elf.dir/Drivers/STM32F1xx_HAL_Driver/Src/stm32f1xx_hal_gpio.c.obj
                0x08002288                HAL_GPIO_Init
 .text.RCC_Delay
                0x080024b8       0x2c CMakeFiles/mecanum_pid_3.elf.dir/Drivers/STM32F1xx_HAL_Driver/Src/stm32f1xx_hal_rcc.c.obj
 .text.HAL_RCC_OscConfig
                0x080024e4      0x410 CMakeFiles/mecanum_pid_3.elf.dir/Drivers/STM32F1xx_HAL_Driver/Src/stm32f1xx_hal_rcc.c.obj
                0x080024e4                HAL_RCC_OscConfig
 .text.HAL_RCC_GetSysClockFreq
                0x080028f4       0x54 CMakeFiles/mecanum_pid_3.elf.dir/Drivers/STM32F1xx_HAL_Driver/Src/stm32f1xx_hal_rcc.c.obj
                0x080028f4                HAL_RCC_GetSysClockFreq
 .text.HAL_RCC_ClockConfig
                0x08002948      0x16c CMakeFiles/mecanum_pid_3.elf.dir/Drivers/STM32F1xx_HAL_Driver/Src/stm32f1xx_hal_rcc.c.obj
                0x08002948                HAL_RCC_ClockConfig
 .text.TIM_OC1_SetConfig
                0x08002ab4       0x70 CMakeFiles/mecanum_pid_3.elf.dir/Drivers/STM32F1xx_HAL_Driver/Src/stm32f1xx_hal_tim.c.obj
 .text.TIM_OC3_SetConfig
                0x08002b24       0x70 CMakeFiles/mecanum_pid_3.elf.dir/Drivers/STM32F1xx_HAL_Driver/Src/stm32f1xx_hal_tim.c.obj
 .text.TIM_OC4_SetConfig
                0x08002b94       0x50 CMakeFiles/mecanum_pid_3.elf.dir/Drivers/STM32F1xx_HAL_Driver/Src/stm32f1xx_hal_tim.c.obj
 .text.TIM_TI1_ConfigInputStage
                0x08002be4       0x24 CMakeFiles/mecanum_pid_3.elf.dir/Drivers/STM32F1xx_HAL_Driver/Src/stm32f1xx_hal_tim.c.obj
 .text.TIM_TI2_ConfigInputStage
                0x08002c08       0x26 CMakeFiles/mecanum_pid_3.elf.dir/Drivers/STM32F1xx_HAL_Driver/Src/stm32f1xx_hal_tim.c.obj
 .text.TIM_ITRx_SetConfig
                0x08002c2e       0x10 CMakeFiles/mecanum_pid_3.elf.dir/Drivers/STM32F1xx_HAL_Driver/Src/stm32f1xx_hal_tim.c.obj
 .text.HAL_TIM_PWM_MspInit
                0x08002c3e        0x2 CMakeFiles/mecanum_pid_3.elf.dir/Drivers/STM32F1xx_HAL_Driver/Src/stm32f1xx_hal_tim.c.obj
                0x08002c3e                HAL_TIM_PWM_MspInit
 .text.TIM_Base_SetConfig
                0x08002c40       0xa8 CMakeFiles/mecanum_pid_3.elf.dir/Drivers/STM32F1xx_HAL_Driver/Src/stm32f1xx_hal_tim.c.obj
                0x08002c40                TIM_Base_SetConfig
 .text.HAL_TIM_Base_Init
                0x08002ce8       0x58 CMakeFiles/mecanum_pid_3.elf.dir/Drivers/STM32F1xx_HAL_Driver/Src/stm32f1xx_hal_tim.c.obj
                0x08002ce8                HAL_TIM_Base_Init
 .text.HAL_TIM_PWM_Init
                0x08002d40       0x58 CMakeFiles/mecanum_pid_3.elf.dir/Drivers/STM32F1xx_HAL_Driver/Src/stm32f1xx_hal_tim.c.obj
                0x08002d40                HAL_TIM_PWM_Init
 .text.HAL_TIM_Encoder_Init
                0x08002d98       0xb6 CMakeFiles/mecanum_pid_3.elf.dir/Drivers/STM32F1xx_HAL_Driver/Src/stm32f1xx_hal_tim.c.obj
                0x08002d98                HAL_TIM_Encoder_Init
 *fill*         0x08002e4e        0x2 
 .text.TIM_OC2_SetConfig
                0x08002e50       0x70 CMakeFiles/mecanum_pid_3.elf.dir/Drivers/STM32F1xx_HAL_Driver/Src/stm32f1xx_hal_tim.c.obj
                0x08002e50                TIM_OC2_SetConfig
 .text.HAL_TIM_PWM_ConfigChannel
                0x08002ec0       0xdc CMakeFiles/mecanum_pid_3.elf.dir/Drivers/STM32F1xx_HAL_Driver/Src/stm32f1xx_hal_tim.c.obj
                0x08002ec0                HAL_TIM_PWM_ConfigChannel
 .text.TIM_ETR_SetConfig
                0x08002f9c       0x18 CMakeFiles/mecanum_pid_3.elf.dir/Drivers/STM32F1xx_HAL_Driver/Src/stm32f1xx_hal_tim.c.obj
                0x08002f9c                TIM_ETR_SetConfig
 .text.HAL_TIM_ConfigClockSource
                0x08002fb4       0xfe CMakeFiles/mecanum_pid_3.elf.dir/Drivers/STM32F1xx_HAL_Driver/Src/stm32f1xx_hal_tim.c.obj
                0x08002fb4                HAL_TIM_ConfigClockSource
 *fill*         0x080030b2        0x2 
 .text.HAL_TIMEx_MasterConfigSynchronization
                0x080030b4       0x7c CMakeFiles/mecanum_pid_3.elf.dir/Drivers/STM32F1xx_HAL_Driver/Src/stm32f1xx_hal_tim_ex.c.obj
                0x080030b4                HAL_TIMEx_MasterConfigSynchronization
 .text.HAL_TIMEx_ConfigBreakDeadTime
                0x08003130       0x52 CMakeFiles/mecanum_pid_3.elf.dir/Drivers/STM32F1xx_HAL_Driver/Src/stm32f1xx_hal_tim_ex.c.obj
                0x08003130                HAL_TIMEx_ConfigBreakDeadTime
 *fill*         0x08003182        0x2 
 .text.cos      0x08003184       0x74 D:/msys64/arm-gnu-toolchain-14.2.rel1-mingw-w64-i686-arm-none-eabi/bin/../lib/gcc/arm-none-eabi/14.2.1/thumb/v7-m/nofp\libm.a(libm_a-s_cos.o)
                0x08003184                cos
 .text.sin      0x080031f8       0x8c D:/msys64/arm-gnu-toolchain-14.2.rel1-mingw-w64-i686-arm-none-eabi/bin/../lib/gcc/arm-none-eabi/14.2.1/thumb/v7-m/nofp\libm.a(libm_a-s_sin.o)
                0x080031f8                sin
 *fill*         0x08003284        0x4 
 .text.__kernel_cos
                0x08003288      0x250 D:/msys64/arm-gnu-toolchain-14.2.rel1-mingw-w64-i686-arm-none-eabi/bin/../lib/gcc/arm-none-eabi/14.2.1/thumb/v7-m/nofp\libm.a(libm_a-k_cos.o)
                0x08003288                __kernel_cos
 .text.__kernel_sin
                0x080034d8      0x16c D:/msys64/arm-gnu-toolchain-14.2.rel1-mingw-w64-i686-arm-none-eabi/bin/../lib/gcc/arm-none-eabi/14.2.1/thumb/v7-m/nofp\libm.a(libm_a-k_sin.o)
                0x080034d8                __kernel_sin
 *fill*         0x08003644        0x4 
 .text.__ieee754_rem_pio2
                0x08003648      0x40c D:/msys64/arm-gnu-toolchain-14.2.rel1-mingw-w64-i686-arm-none-eabi/bin/../lib/gcc/arm-none-eabi/14.2.1/thumb/v7-m/nofp\libm.a(libm_a-e_rem_pio2.o)
                0x08003648                __ieee754_rem_pio2
 .text.fabs     0x08003a54        0x8 D:/msys64/arm-gnu-toolchain-14.2.rel1-mingw-w64-i686-arm-none-eabi/bin/../lib/gcc/arm-none-eabi/14.2.1/thumb/v7-m/nofp\libm.a(libm_a-s_fabs.o)
                0x08003a54                fabs
 .text.__kernel_rem_pio2
                0x08003a5c      0x868 D:/msys64/arm-gnu-toolchain-14.2.rel1-mingw-w64-i686-arm-none-eabi/bin/../lib/gcc/arm-none-eabi/14.2.1/thumb/v7-m/nofp\libm.a(libm_a-k_rem_pio2.o)
                0x08003a5c                __kernel_rem_pio2
 *fill*         0x080042c4        0x4 
 .text.scalbn   0x080042c8       0xfc D:/msys64/arm-gnu-toolchain-14.2.rel1-mingw-w64-i686-arm-none-eabi/bin/../lib/gcc/arm-none-eabi/14.2.1/thumb/v7-m/nofp\libm.a(libm_a-s_scalbn.o)
                0x080042c8                scalbn
 *fill*         0x080043c4        0x4 
 .text.floor    0x080043c8      0x108 D:/msys64/arm-gnu-toolchain-14.2.rel1-mingw-w64-i686-arm-none-eabi/bin/../lib/gcc/arm-none-eabi/14.2.1/thumb/v7-m/nofp\libm.a(libm_a-s_floor.o)
                0x080043c8                floor
 .text.selfrel_offset31
                0x080044d0       0x14 D:/msys64/arm-gnu-toolchain-14.2.rel1-mingw-w64-i686-arm-none-eabi/bin/../lib/gcc/arm-none-eabi/14.2.1/thumb/v7-m/nofp\libgcc.a(unwind-arm.o)
 .text.search_EIT_table
                0x080044e4       0x64 D:/msys64/arm-gnu-toolchain-14.2.rel1-mingw-w64-i686-arm-none-eabi/bin/../lib/gcc/arm-none-eabi/14.2.1/thumb/v7-m/nofp\libgcc.a(unwind-arm.o)
 .text.__gnu_unwind_get_pr_addr
                0x08004548       0x28 D:/msys64/arm-gnu-toolchain-14.2.rel1-mingw-w64-i686-arm-none-eabi/bin/../lib/gcc/arm-none-eabi/14.2.1/thumb/v7-m/nofp\libgcc.a(unwind-arm.o)
 .text.get_eit_entry
                0x08004570       0x98 D:/msys64/arm-gnu-toolchain-14.2.rel1-mingw-w64-i686-arm-none-eabi/bin/../lib/gcc/arm-none-eabi/14.2.1/thumb/v7-m/nofp\libgcc.a(unwind-arm.o)
 .text.restore_non_core_regs
                0x08004608       0x58 D:/msys64/arm-gnu-toolchain-14.2.rel1-mingw-w64-i686-arm-none-eabi/bin/../lib/gcc/arm-none-eabi/14.2.1/thumb/v7-m/nofp\libgcc.a(unwind-arm.o)
 .text._Unwind_decode_typeinfo_ptr.constprop.0
                0x08004660        0xc D:/msys64/arm-gnu-toolchain-14.2.rel1-mingw-w64-i686-arm-none-eabi/bin/../lib/gcc/arm-none-eabi/14.2.1/thumb/v7-m/nofp\libgcc.a(unwind-arm.o)
 .text._Unwind_DebugHook
                0x0800466c        0x4 D:/msys64/arm-gnu-toolchain-14.2.rel1-mingw-w64-i686-arm-none-eabi/bin/../lib/gcc/arm-none-eabi/14.2.1/thumb/v7-m/nofp\libgcc.a(unwind-arm.o)
 .text.unwind_phase2
                0x08004670       0x40 D:/msys64/arm-gnu-toolchain-14.2.rel1-mingw-w64-i686-arm-none-eabi/bin/../lib/gcc/arm-none-eabi/14.2.1/thumb/v7-m/nofp\libgcc.a(unwind-arm.o)
 .text.unwind_phase2_forced
                0x080046b0       0xdc D:/msys64/arm-gnu-toolchain-14.2.rel1-mingw-w64-i686-arm-none-eabi/bin/../lib/gcc/arm-none-eabi/14.2.1/thumb/v7-m/nofp\libgcc.a(unwind-arm.o)
 .text.__gnu_Unwind_RaiseException
                0x0800478c       0x6c D:/msys64/arm-gnu-toolchain-14.2.rel1-mingw-w64-i686-arm-none-eabi/bin/../lib/gcc/arm-none-eabi/14.2.1/thumb/v7-m/nofp\libgcc.a(unwind-arm.o)
                0x0800478c                __gnu_Unwind_RaiseException
 .text.__gnu_Unwind_ForcedUnwind
                0x080047f8       0x18 D:/msys64/arm-gnu-toolchain-14.2.rel1-mingw-w64-i686-arm-none-eabi/bin/../lib/gcc/arm-none-eabi/14.2.1/thumb/v7-m/nofp\libgcc.a(unwind-arm.o)
                0x080047f8                __gnu_Unwind_ForcedUnwind
 .text.__gnu_Unwind_Resume
                0x08004810       0x44 D:/msys64/arm-gnu-toolchain-14.2.rel1-mingw-w64-i686-arm-none-eabi/bin/../lib/gcc/arm-none-eabi/14.2.1/thumb/v7-m/nofp\libgcc.a(unwind-arm.o)
                0x08004810                __gnu_Unwind_Resume
 .text.__gnu_Unwind_Resume_or_Rethrow
                0x08004854       0x20 D:/msys64/arm-gnu-toolchain-14.2.rel1-mingw-w64-i686-arm-none-eabi/bin/../lib/gcc/arm-none-eabi/14.2.1/thumb/v7-m/nofp\libgcc.a(unwind-arm.o)
                0x08004854                __gnu_Unwind_Resume_or_Rethrow
 .text._Unwind_VRS_Get
                0x08004874       0x34 D:/msys64/arm-gnu-toolchain-14.2.rel1-mingw-w64-i686-arm-none-eabi/bin/../lib/gcc/arm-none-eabi/14.2.1/thumb/v7-m/nofp\libgcc.a(unwind-arm.o)
                0x08004874                _Unwind_VRS_Get
 .text._Unwind_GetGR
                0x080048a8       0x1c D:/msys64/arm-gnu-toolchain-14.2.rel1-mingw-w64-i686-arm-none-eabi/bin/../lib/gcc/arm-none-eabi/14.2.1/thumb/v7-m/nofp\libgcc.a(unwind-arm.o)
 .text._Unwind_VRS_Set
                0x080048c4       0x34 D:/msys64/arm-gnu-toolchain-14.2.rel1-mingw-w64-i686-arm-none-eabi/bin/../lib/gcc/arm-none-eabi/14.2.1/thumb/v7-m/nofp\libgcc.a(unwind-arm.o)
                0x080048c4                _Unwind_VRS_Set
 .text._Unwind_SetGR
                0x080048f8       0x18 D:/msys64/arm-gnu-toolchain-14.2.rel1-mingw-w64-i686-arm-none-eabi/bin/../lib/gcc/arm-none-eabi/14.2.1/thumb/v7-m/nofp\libgcc.a(unwind-arm.o)
 .text.__gnu_Unwind_Backtrace
                0x08004910       0x8c D:/msys64/arm-gnu-toolchain-14.2.rel1-mingw-w64-i686-arm-none-eabi/bin/../lib/gcc/arm-none-eabi/14.2.1/thumb/v7-m/nofp\libgcc.a(unwind-arm.o)
                0x08004910                __gnu_Unwind_Backtrace
 .text.__gnu_unwind_pr_common
                0x0800499c      0x2a8 D:/msys64/arm-gnu-toolchain-14.2.rel1-mingw-w64-i686-arm-none-eabi/bin/../lib/gcc/arm-none-eabi/14.2.1/thumb/v7-m/nofp\libgcc.a(unwind-arm.o)
 .text.__aeabi_unwind_cpp_pr0
                0x08004c44        0x8 D:/msys64/arm-gnu-toolchain-14.2.rel1-mingw-w64-i686-arm-none-eabi/bin/../lib/gcc/arm-none-eabi/14.2.1/thumb/v7-m/nofp\libgcc.a(unwind-arm.o)
                0x08004c44                __aeabi_unwind_cpp_pr0
 .text.__aeabi_unwind_cpp_pr1
                0x08004c4c        0x8 D:/msys64/arm-gnu-toolchain-14.2.rel1-mingw-w64-i686-arm-none-eabi/bin/../lib/gcc/arm-none-eabi/14.2.1/thumb/v7-m/nofp\libgcc.a(unwind-arm.o)
                0x08004c4c                __aeabi_unwind_cpp_pr1
 .text.__aeabi_unwind_cpp_pr2
                0x08004c54        0x8 D:/msys64/arm-gnu-toolchain-14.2.rel1-mingw-w64-i686-arm-none-eabi/bin/../lib/gcc/arm-none-eabi/14.2.1/thumb/v7-m/nofp\libgcc.a(unwind-arm.o)
                0x08004c54                __aeabi_unwind_cpp_pr2
 .text._Unwind_VRS_Pop
                0x08004c5c      0x2e4 D:/msys64/arm-gnu-toolchain-14.2.rel1-mingw-w64-i686-arm-none-eabi/bin/../lib/gcc/arm-none-eabi/14.2.1/thumb/v7-m/nofp\libgcc.a(unwind-arm.o)
                0x08004c5c                _Unwind_VRS_Pop
 .text.next_unwind_byte
                0x08004f40       0x38 D:/msys64/arm-gnu-toolchain-14.2.rel1-mingw-w64-i686-arm-none-eabi/bin/../lib/gcc/arm-none-eabi/14.2.1/thumb/v7-m/nofp\libgcc.a(pr-support.o)
 .text.__gnu_unwind_execute
                0x08004f78      0x300 D:/msys64/arm-gnu-toolchain-14.2.rel1-mingw-w64-i686-arm-none-eabi/bin/../lib/gcc/arm-none-eabi/14.2.1/thumb/v7-m/nofp\libgcc.a(pr-support.o)
                0x08004f78                __gnu_unwind_execute
 .text.abort    0x08005278       0x10 D:/msys64/arm-gnu-toolchain-14.2.rel1-mingw-w64-i686-arm-none-eabi/bin/../lib/gcc/arm-none-eabi/14.2.1/thumb/v7-m/nofp\libg.a(libc_a-abort.o)
                0x08005278                abort
 .text.memset   0x08005288       0x9c D:/msys64/arm-gnu-toolchain-14.2.rel1-mingw-w64-i686-arm-none-eabi/bin/../lib/gcc/arm-none-eabi/14.2.1/thumb/v7-m/nofp\libg.a(libc_a-memset.o)
                0x08005288                memset
 .text.raise    0x08005324       0x58 D:/msys64/arm-gnu-toolchain-14.2.rel1-mingw-w64-i686-arm-none-eabi/bin/../lib/gcc/arm-none-eabi/14.2.1/thumb/v7-m/nofp\libg.a(libc_a-signal.o)
                0x08005324                raise
 .text._kill_r  0x0800537c       0x28 D:/msys64/arm-gnu-toolchain-14.2.rel1-mingw-w64-i686-arm-none-eabi/bin/../lib/gcc/arm-none-eabi/14.2.1/thumb/v7-m/nofp\libg.a(libc_a-signalr.o)
                0x0800537c                _kill_r
 .text._getpid_r
                0x080053a4        0x4 D:/msys64/arm-gnu-toolchain-14.2.rel1-mingw-w64-i686-arm-none-eabi/bin/../lib/gcc/arm-none-eabi/14.2.1/thumb/v7-m/nofp\libg.a(libc_a-signalr.o)
                0x080053a4                _getpid_r
 .text.__errno  0x080053a8        0xc D:/msys64/arm-gnu-toolchain-14.2.rel1-mingw-w64-i686-arm-none-eabi/bin/../lib/gcc/arm-none-eabi/14.2.1/thumb/v7-m/nofp\libg.a(libc_a-errno.o)
                0x080053a8                __errno
 .text.__libc_init_array
                0x080053b4       0x50 D:/msys64/arm-gnu-toolchain-14.2.rel1-mingw-w64-i686-arm-none-eabi/bin/../lib/gcc/arm-none-eabi/14.2.1/thumb/v7-m/nofp\libg.a(libc_a-init.o)
                0x080053b4                __libc_init_array
 .text.__retarget_lock_acquire_recursive
                0x08005404        0x4 D:/msys64/arm-gnu-toolchain-14.2.rel1-mingw-w64-i686-arm-none-eabi/bin/../lib/gcc/arm-none-eabi/14.2.1/thumb/v7-m/nofp\libg.a(libc_a-lock.o)
                0x08005404                __retarget_lock_acquire_recursive
 .text.__retarget_lock_release_recursive
                0x08005408        0x4 D:/msys64/arm-gnu-toolchain-14.2.rel1-mingw-w64-i686-arm-none-eabi/bin/../lib/gcc/arm-none-eabi/14.2.1/thumb/v7-m/nofp\libg.a(libc_a-lock.o)
                0x08005408                __retarget_lock_release_recursive
 .text.startup.register_fini
                0x0800540c       0x14 D:/msys64/arm-gnu-toolchain-14.2.rel1-mingw-w64-i686-arm-none-eabi/bin/../lib/gcc/arm-none-eabi/14.2.1/thumb/v7-m/nofp\libg.a(libc_a-__call_atexit.o)
 .text.atexit   0x08005420        0xc D:/msys64/arm-gnu-toolchain-14.2.rel1-mingw-w64-i686-arm-none-eabi/bin/../lib/gcc/arm-none-eabi/14.2.1/thumb/v7-m/nofp\libg.a(libc_a-atexit.o)
                0x08005420                atexit
 .text.__libc_fini_array
                0x0800542c       0x28 D:/msys64/arm-gnu-toolchain-14.2.rel1-mingw-w64-i686-arm-none-eabi/bin/../lib/gcc/arm-none-eabi/14.2.1/thumb/v7-m/nofp\libg.a(libc_a-fini.o)
                0x0800542c                __libc_fini_array
 .text.__register_exitproc
                0x08005454       0x80 D:/msys64/arm-gnu-toolchain-14.2.rel1-mingw-w64-i686-arm-none-eabi/bin/../lib/gcc/arm-none-eabi/14.2.1/thumb/v7-m/nofp\libg.a(libc_a-__atexit.o)
                0x08005454                __register_exitproc
 *(.glue_7)
 .glue_7        0x080054d4        0x0 linker stubs
 *(.glue_7t)
 .glue_7t       0x080054d4        0x0 linker stubs
 *(.eh_frame)
 .eh_frame      0x080054d4        0x0 D:/msys64/arm-gnu-toolchain-14.2.rel1-mingw-w64-i686-arm-none-eabi/bin/../lib/gcc/arm-none-eabi/14.2.1/thumb/v7-m/nofp/crtbegin.o
 *(.init)
 .init          0x080054d4        0x4 D:/msys64/arm-gnu-toolchain-14.2.rel1-mingw-w64-i686-arm-none-eabi/bin/../lib/gcc/arm-none-eabi/14.2.1/thumb/v7-m/nofp/crti.o
                0x080054d4                _init
 .init          0x080054d8        0x8 D:/msys64/arm-gnu-toolchain-14.2.rel1-mingw-w64-i686-arm-none-eabi/bin/../lib/gcc/arm-none-eabi/14.2.1/thumb/v7-m/nofp/crtn.o
 *(.fini)
 .fini          0x080054e0        0x4 D:/msys64/arm-gnu-toolchain-14.2.rel1-mingw-w64-i686-arm-none-eabi/bin/../lib/gcc/arm-none-eabi/14.2.1/thumb/v7-m/nofp/crti.o
                0x080054e0                _fini
 .fini          0x080054e4        0x8 D:/msys64/arm-gnu-toolchain-14.2.rel1-mingw-w64-i686-arm-none-eabi/bin/../lib/gcc/arm-none-eabi/14.2.1/thumb/v7-m/nofp/crtn.o
                0x080054ec                        . = ALIGN (0x4)
                0x080054ec                        _etext = .

.vfp11_veneer   0x080054ec        0x0
 .vfp11_veneer  0x080054ec        0x0 linker stubs

.v4_bx          0x080054ec        0x0
 .v4_bx         0x080054ec        0x0 linker stubs

.iplt           0x080054ec        0x0
 .iplt          0x080054ec        0x0 D:/msys64/arm-gnu-toolchain-14.2.rel1-mingw-w64-i686-arm-none-eabi/bin/../lib/gcc/arm-none-eabi/14.2.1/thumb/v7-m/nofp/crtbegin.o

.rodata         0x080054f0      0x200
                0x080054f0                        . = ALIGN (0x4)
 *(.rodata)
 *(.rodata*)
 .rodata.AHBPrescTable
                0x080054f0       0x10 CMakeFiles/mecanum_pid_3.elf.dir/Core/Src/system_stm32f1xx.c.obj
                0x080054f0                AHBPrescTable
 .rodata.aPredivFactorTable.0
                0x08005500        0x2 CMakeFiles/mecanum_pid_3.elf.dir/Drivers/STM32F1xx_HAL_Driver/Src/stm32f1xx_hal_rcc.c.obj
 *fill*         0x08005502        0x2 
 .rodata.aPLLMULFactorTable.1
                0x08005504       0x10 CMakeFiles/mecanum_pid_3.elf.dir/Drivers/STM32F1xx_HAL_Driver/Src/stm32f1xx_hal_rcc.c.obj
 .rodata.npio2_hw
                0x08005514       0x80 D:/msys64/arm-gnu-toolchain-14.2.rel1-mingw-w64-i686-arm-none-eabi/bin/../lib/gcc/arm-none-eabi/14.2.1/thumb/v7-m/nofp\libm.a(libm_a-e_rem_pio2.o)
 .rodata.two_over_pi
                0x08005594      0x108 D:/msys64/arm-gnu-toolchain-14.2.rel1-mingw-w64-i686-arm-none-eabi/bin/../lib/gcc/arm-none-eabi/14.2.1/thumb/v7-m/nofp\libm.a(libm_a-e_rem_pio2.o)
 *fill*         0x0800569c        0x4 
 .rodata.PIo2   0x080056a0       0x40 D:/msys64/arm-gnu-toolchain-14.2.rel1-mingw-w64-i686-arm-none-eabi/bin/../lib/gcc/arm-none-eabi/14.2.1/thumb/v7-m/nofp\libm.a(libm_a-k_rem_pio2.o)
 .rodata.init_jk
                0x080056e0       0x10 D:/msys64/arm-gnu-toolchain-14.2.rel1-mingw-w64-i686-arm-none-eabi/bin/../lib/gcc/arm-none-eabi/14.2.1/thumb/v7-m/nofp\libm.a(libm_a-k_rem_pio2.o)
                0x080056f0                        . = ALIGN (0x4)

.ARM.extab      0x080056f0        0xc
                0x080056f0                        . = ALIGN (0x4)
 *(.ARM.extab* .gnu.linkonce.armextab.*)
 .ARM.extab.text.__gnu_Unwind_Resume_or_Rethrow
                0x080056f0        0xc D:/msys64/arm-gnu-toolchain-14.2.rel1-mingw-w64-i686-arm-none-eabi/bin/../lib/gcc/arm-none-eabi/14.2.1/thumb/v7-m/nofp\libgcc.a(unwind-arm.o)
                0x080056fc                        . = ALIGN (0x4)

.ARM            0x080056fc       0xa0
                0x080056fc                        . = ALIGN (0x4)
                0x080056fc                        __exidx_start = .
 *(.ARM.exidx*)
 .ARM.exidx     0x080056fc        0x8 D:/msys64/arm-gnu-toolchain-14.2.rel1-mingw-w64-i686-arm-none-eabi/bin/../lib/gcc/arm-none-eabi/14.2.1/thumb/v7-m/nofp\libg.a(libc_a-memcpy.o)
 .ARM.exidx.text.velocity_PID
                0x08005704        0x0 CMakeFiles/mecanum_pid_3.elf.dir/Core/Src/PID.cpp.obj
                                  0x8 (size before relaxing)
 .ARM.exidx.text.velovity_control
                0x08005704        0x0 CMakeFiles/mecanum_pid_3.elf.dir/Core/Src/PID.cpp.obj
                                  0x8 (size before relaxing)
 .ARM.exidx.text.Encoder_Getcounter
                0x08005704        0x0 CMakeFiles/mecanum_pid_3.elf.dir/Core/Src/encoder.cpp.obj
                                  0x8 (size before relaxing)
 .ARM.exidx.text.Encoder_Setcounter
                0x08005704        0x0 CMakeFiles/mecanum_pid_3.elf.dir/Core/Src/encoder.cpp.obj
                                  0x8 (size before relaxing)
 .ARM.exidx.text.Encoder_Reset
                0x08005704        0x0 CMakeFiles/mecanum_pid_3.elf.dir/Core/Src/encoder.cpp.obj
                                  0x8 (size before relaxing)
 .ARM.exidx.text.Encoder2Wheel
                0x08005704        0x0 CMakeFiles/mecanum_pid_3.elf.dir/Core/Src/encoder.cpp.obj
                                  0x8 (size before relaxing)
 .ARM.exidx.text.Robot2Wheel
                0x08005704        0x0 CMakeFiles/mecanum_pid_3.elf.dir/Core/Src/mecanum.cpp.obj
                                  0x8 (size before relaxing)
 .ARM.exidx.text.Setting2Robot
                0x08005704        0x0 CMakeFiles/mecanum_pid_3.elf.dir/Core/Src/mecanum.cpp.obj
                                  0x8 (size before relaxing)
 .ARM.exidx.text.motor_control
                0x08005704        0x0 CMakeFiles/mecanum_pid_3.elf.dir/Core/Src/motor.cpp.obj
                                  0x8 (size before relaxing)
 .ARM.exidx.text.motors_control
                0x08005704        0x0 CMakeFiles/mecanum_pid_3.elf.dir/Core/Src/motor.cpp.obj
                                  0x8 (size before relaxing)
 .ARM.exidx.text.robot_control
                0x08005704       0x10 CMakeFiles/mecanum_pid_3.elf.dir/Core/Src/robot.cpp.obj
                                  0x8 (size before relaxing)
 .ARM.exidx.text.selfrel_offset31
                0x08005714        0x0 D:/msys64/arm-gnu-toolchain-14.2.rel1-mingw-w64-i686-arm-none-eabi/bin/../lib/gcc/arm-none-eabi/14.2.1/thumb/v7-m/nofp\libgcc.a(unwind-arm.o)
                                  0x8 (size before relaxing)
 .ARM.exidx.text.search_EIT_table
                0x08005714        0x0 D:/msys64/arm-gnu-toolchain-14.2.rel1-mingw-w64-i686-arm-none-eabi/bin/../lib/gcc/arm-none-eabi/14.2.1/thumb/v7-m/nofp\libgcc.a(unwind-arm.o)
                                  0x8 (size before relaxing)
 .ARM.exidx.text.__gnu_unwind_get_pr_addr
                0x08005714        0x0 D:/msys64/arm-gnu-toolchain-14.2.rel1-mingw-w64-i686-arm-none-eabi/bin/../lib/gcc/arm-none-eabi/14.2.1/thumb/v7-m/nofp\libgcc.a(unwind-arm.o)
                                  0x8 (size before relaxing)
 .ARM.exidx.text.get_eit_entry
                0x08005714        0x8 D:/msys64/arm-gnu-toolchain-14.2.rel1-mingw-w64-i686-arm-none-eabi/bin/../lib/gcc/arm-none-eabi/14.2.1/thumb/v7-m/nofp\libgcc.a(unwind-arm.o)
 .ARM.exidx.text.restore_non_core_regs
                0x0800571c        0x8 D:/msys64/arm-gnu-toolchain-14.2.rel1-mingw-w64-i686-arm-none-eabi/bin/../lib/gcc/arm-none-eabi/14.2.1/thumb/v7-m/nofp\libgcc.a(unwind-arm.o)
 .ARM.exidx.text._Unwind_decode_typeinfo_ptr.constprop.0
                0x08005724        0x8 D:/msys64/arm-gnu-toolchain-14.2.rel1-mingw-w64-i686-arm-none-eabi/bin/../lib/gcc/arm-none-eabi/14.2.1/thumb/v7-m/nofp\libgcc.a(unwind-arm.o)
 .ARM.exidx.text._Unwind_DebugHook
                0x0800572c        0x0 D:/msys64/arm-gnu-toolchain-14.2.rel1-mingw-w64-i686-arm-none-eabi/bin/../lib/gcc/arm-none-eabi/14.2.1/thumb/v7-m/nofp\libgcc.a(unwind-arm.o)
                                  0x8 (size before relaxing)
 .ARM.exidx.text.unwind_phase2
                0x0800572c        0x8 D:/msys64/arm-gnu-toolchain-14.2.rel1-mingw-w64-i686-arm-none-eabi/bin/../lib/gcc/arm-none-eabi/14.2.1/thumb/v7-m/nofp\libgcc.a(unwind-arm.o)
 .ARM.exidx.text.unwind_phase2_forced
                0x08005734        0x8 D:/msys64/arm-gnu-toolchain-14.2.rel1-mingw-w64-i686-arm-none-eabi/bin/../lib/gcc/arm-none-eabi/14.2.1/thumb/v7-m/nofp\libgcc.a(unwind-arm.o)
 .ARM.exidx.text.__gnu_Unwind_RaiseException
                0x0800573c        0x8 D:/msys64/arm-gnu-toolchain-14.2.rel1-mingw-w64-i686-arm-none-eabi/bin/../lib/gcc/arm-none-eabi/14.2.1/thumb/v7-m/nofp\libgcc.a(unwind-arm.o)
 .ARM.exidx.text.__gnu_Unwind_ForcedUnwind
                0x08005744        0x8 D:/msys64/arm-gnu-toolchain-14.2.rel1-mingw-w64-i686-arm-none-eabi/bin/../lib/gcc/arm-none-eabi/14.2.1/thumb/v7-m/nofp\libgcc.a(unwind-arm.o)
 .ARM.exidx.text.__gnu_Unwind_Resume
                0x0800574c        0x8 D:/msys64/arm-gnu-toolchain-14.2.rel1-mingw-w64-i686-arm-none-eabi/bin/../lib/gcc/arm-none-eabi/14.2.1/thumb/v7-m/nofp\libgcc.a(unwind-arm.o)
 .ARM.exidx.text.__gnu_Unwind_Resume_or_Rethrow
                0x08005754        0x8 D:/msys64/arm-gnu-toolchain-14.2.rel1-mingw-w64-i686-arm-none-eabi/bin/../lib/gcc/arm-none-eabi/14.2.1/thumb/v7-m/nofp\libgcc.a(unwind-arm.o)
 .ARM.exidx.text._Unwind_VRS_Get
                0x0800575c        0x8 D:/msys64/arm-gnu-toolchain-14.2.rel1-mingw-w64-i686-arm-none-eabi/bin/../lib/gcc/arm-none-eabi/14.2.1/thumb/v7-m/nofp\libgcc.a(unwind-arm.o)
 .ARM.exidx.text._Unwind_GetGR
                0x08005764        0x0 D:/msys64/arm-gnu-toolchain-14.2.rel1-mingw-w64-i686-arm-none-eabi/bin/../lib/gcc/arm-none-eabi/14.2.1/thumb/v7-m/nofp\libgcc.a(unwind-arm.o)
                                  0x8 (size before relaxing)
 .ARM.exidx.text._Unwind_VRS_Set
                0x08005764        0x0 D:/msys64/arm-gnu-toolchain-14.2.rel1-mingw-w64-i686-arm-none-eabi/bin/../lib/gcc/arm-none-eabi/14.2.1/thumb/v7-m/nofp\libgcc.a(unwind-arm.o)
                                  0x8 (size before relaxing)
 .ARM.exidx.text._Unwind_SetGR
                0x08005764        0x0 D:/msys64/arm-gnu-toolchain-14.2.rel1-mingw-w64-i686-arm-none-eabi/bin/../lib/gcc/arm-none-eabi/14.2.1/thumb/v7-m/nofp\libgcc.a(unwind-arm.o)
                                  0x8 (size before relaxing)
 .ARM.exidx.text.__gnu_Unwind_Backtrace
                0x08005764        0x8 D:/msys64/arm-gnu-toolchain-14.2.rel1-mingw-w64-i686-arm-none-eabi/bin/../lib/gcc/arm-none-eabi/14.2.1/thumb/v7-m/nofp\libgcc.a(unwind-arm.o)
 .ARM.exidx.text.__gnu_unwind_pr_common
                0x0800576c        0x8 D:/msys64/arm-gnu-toolchain-14.2.rel1-mingw-w64-i686-arm-none-eabi/bin/../lib/gcc/arm-none-eabi/14.2.1/thumb/v7-m/nofp\libgcc.a(unwind-arm.o)
 .ARM.exidx.text.__aeabi_unwind_cpp_pr0
                0x08005774        0x8 D:/msys64/arm-gnu-toolchain-14.2.rel1-mingw-w64-i686-arm-none-eabi/bin/../lib/gcc/arm-none-eabi/14.2.1/thumb/v7-m/nofp\libgcc.a(unwind-arm.o)
 .ARM.exidx.text.__aeabi_unwind_cpp_pr1
                0x0800577c        0x0 D:/msys64/arm-gnu-toolchain-14.2.rel1-mingw-w64-i686-arm-none-eabi/bin/../lib/gcc/arm-none-eabi/14.2.1/thumb/v7-m/nofp\libgcc.a(unwind-arm.o)
                                  0x8 (size before relaxing)
 .ARM.exidx.text.__aeabi_unwind_cpp_pr2
                0x0800577c        0x0 D:/msys64/arm-gnu-toolchain-14.2.rel1-mingw-w64-i686-arm-none-eabi/bin/../lib/gcc/arm-none-eabi/14.2.1/thumb/v7-m/nofp\libgcc.a(unwind-arm.o)
                                  0x8 (size before relaxing)
 .ARM.exidx.text._Unwind_VRS_Pop
                0x0800577c        0x8 D:/msys64/arm-gnu-toolchain-14.2.rel1-mingw-w64-i686-arm-none-eabi/bin/../lib/gcc/arm-none-eabi/14.2.1/thumb/v7-m/nofp\libgcc.a(unwind-arm.o)
 .ARM.exidx.text.next_unwind_byte
                0x08005784        0x8 D:/msys64/arm-gnu-toolchain-14.2.rel1-mingw-w64-i686-arm-none-eabi/bin/../lib/gcc/arm-none-eabi/14.2.1/thumb/v7-m/nofp\libgcc.a(pr-support.o)
 .ARM.exidx.text.__gnu_unwind_execute
                0x0800578c       0x10 D:/msys64/arm-gnu-toolchain-14.2.rel1-mingw-w64-i686-arm-none-eabi/bin/../lib/gcc/arm-none-eabi/14.2.1/thumb/v7-m/nofp\libgcc.a(pr-support.o)
                                  0x8 (size before relaxing)
                0x0800579c                        __exidx_end = .
                0x0800579c                        . = ALIGN (0x4)

.preinit_array  0x0800579c        0x0
                0x0800579c                        . = ALIGN (0x4)
                0x0800579c                        PROVIDE (__preinit_array_start = .)
 *(.preinit_array*)
                0x0800579c                        PROVIDE (__preinit_array_end = .)
                0x0800579c                        . = ALIGN (0x4)

.init_array     0x0800579c        0x8
                0x0800579c                        . = ALIGN (0x4)
                0x0800579c                        PROVIDE (__init_array_start = .)
 *(SORT_BY_NAME(.init_array.*))
 .init_array.00000
                0x0800579c        0x4 D:/msys64/arm-gnu-toolchain-14.2.rel1-mingw-w64-i686-arm-none-eabi/bin/../lib/gcc/arm-none-eabi/14.2.1/thumb/v7-m/nofp\libg.a(libc_a-__call_atexit.o)
 *(.init_array*)
 .init_array    0x080057a0        0x4 D:/msys64/arm-gnu-toolchain-14.2.rel1-mingw-w64-i686-arm-none-eabi/bin/../lib/gcc/arm-none-eabi/14.2.1/thumb/v7-m/nofp/crtbegin.o
                0x080057a4                        PROVIDE (__init_array_end = .)
                0x080057a4                        . = ALIGN (0x4)

.fini_array     0x080057a4        0x4
                0x080057a4                        . = ALIGN (0x4)
                0x080057a4                        PROVIDE (__fini_array_start = .)
 *(SORT_BY_NAME(.fini_array.*))
 *(.fini_array*)
 .fini_array    0x080057a4        0x4 D:/msys64/arm-gnu-toolchain-14.2.rel1-mingw-w64-i686-arm-none-eabi/bin/../lib/gcc/arm-none-eabi/14.2.1/thumb/v7-m/nofp/crtbegin.o
                0x080057a8                        PROVIDE (__fini_array_end = .)
                0x080057a8                        . = ALIGN (0x4)
                0x080057a8                        _sidata = LOADADDR (.data)

.rel.dyn        0x080057a8        0x0
 .rel.iplt      0x080057a8        0x0 D:/msys64/arm-gnu-toolchain-14.2.rel1-mingw-w64-i686-arm-none-eabi/bin/../lib/gcc/arm-none-eabi/14.2.1/thumb/v7-m/nofp/crtbegin.o

.data           0x20000000      0x154 load address 0x080057a8
                0x20000000                        . = ALIGN (0x4)
                0x20000000                        _sdata = .
 *(.data)
 *(.data*)
 .data.SystemCoreClock
                0x20000000        0x4 CMakeFiles/mecanum_pid_3.elf.dir/Core/Src/system_stm32f1xx.c.obj
                0x20000000                SystemCoreClock
 .data.uwTickFreq
                0x20000004        0x1 CMakeFiles/mecanum_pid_3.elf.dir/Drivers/STM32F1xx_HAL_Driver/Src/stm32f1xx_hal.c.obj
                0x20000004                uwTickFreq
 *fill*         0x20000005        0x3 
 .data.uwTickPrio
                0x20000008        0x4 CMakeFiles/mecanum_pid_3.elf.dir/Drivers/STM32F1xx_HAL_Driver/Src/stm32f1xx_hal.c.obj
                0x20000008                uwTickPrio
 .data._impure_ptr
                0x2000000c        0x4 D:/msys64/arm-gnu-toolchain-14.2.rel1-mingw-w64-i686-arm-none-eabi/bin/../lib/gcc/arm-none-eabi/14.2.1/thumb/v7-m/nofp\libg.a(libc_a-impure.o)
                0x2000000c                _impure_ptr
 .data._impure_data
                0x20000010      0x140 D:/msys64/arm-gnu-toolchain-14.2.rel1-mingw-w64-i686-arm-none-eabi/bin/../lib/gcc/arm-none-eabi/14.2.1/thumb/v7-m/nofp\libg.a(libc_a-impure.o)
                0x20000010                _impure_data
 .data.__atexit_recursive_mutex
                0x20000150        0x4 D:/msys64/arm-gnu-toolchain-14.2.rel1-mingw-w64-i686-arm-none-eabi/bin/../lib/gcc/arm-none-eabi/14.2.1/thumb/v7-m/nofp\libg.a(libc_a-__call_atexit.o)
                0x20000150                __atexit_recursive_mutex
 *(.RamFunc)
 *(.RamFunc*)
                0x20000154                        . = ALIGN (0x4)
                0x20000154                        _edata = .

.tm_clone_table
                0x20000154        0x0 load address 0x080058fc
 .tm_clone_table
                0x20000154        0x0 D:/msys64/arm-gnu-toolchain-14.2.rel1-mingw-w64-i686-arm-none-eabi/bin/../lib/gcc/arm-none-eabi/14.2.1/thumb/v7-m/nofp/crtbegin.o
 .tm_clone_table
                0x20000154        0x0 D:/msys64/arm-gnu-toolchain-14.2.rel1-mingw-w64-i686-arm-none-eabi/bin/../lib/gcc/arm-none-eabi/14.2.1/thumb/v7-m/nofp/crtend.o

.igot.plt       0x20000154        0x0 load address 0x080058fc
 .igot.plt      0x20000154        0x0 D:/msys64/arm-gnu-toolchain-14.2.rel1-mingw-w64-i686-arm-none-eabi/bin/../lib/gcc/arm-none-eabi/14.2.1/thumb/v7-m/nofp/crtbegin.o
                0x20000154                        . = ALIGN (0x4)

.bss            0x20000154      0x4b0 load address 0x080058fc
                0x20000154                        _sbss = .
                0x20000154                        __bss_start__ = _sbss
 *(.bss)
 *(.bss*)
 .bss.completed.1
                0x20000154        0x1 D:/msys64/arm-gnu-toolchain-14.2.rel1-mingw-w64-i686-arm-none-eabi/bin/../lib/gcc/arm-none-eabi/14.2.1/thumb/v7-m/nofp/crtbegin.o
 *fill*         0x20000155        0x3 
 .bss.object.0  0x20000158       0x18 D:/msys64/arm-gnu-toolchain-14.2.rel1-mingw-w64-i686-arm-none-eabi/bin/../lib/gcc/arm-none-eabi/14.2.1/thumb/v7-m/nofp/crtbegin.o
 .bss._ZZ12velocity_PIDE8sum_bias
                0x20000170        0x4 CMakeFiles/mecanum_pid_3.elf.dir/Core/Src/PID.cpp.obj
 .bss._ZZ12velocity_PIDE9last_bias
                0x20000174        0x4 CMakeFiles/mecanum_pid_3.elf.dir/Core/Src/PID.cpp.obj
 .bss._ZZ12velocity_PIDE4bias
                0x20000178        0x4 CMakeFiles/mecanum_pid_3.elf.dir/Core/Src/PID.cpp.obj
 .bss.htim8     0x2000017c       0x48 CMakeFiles/mecanum_pid_3.elf.dir/Core/Src/tim.c.obj
                0x2000017c                htim8
 .bss.htim5     0x200001c4       0x48 CMakeFiles/mecanum_pid_3.elf.dir/Core/Src/tim.c.obj
                0x200001c4                htim5
 .bss.htim4     0x2000020c       0x48 CMakeFiles/mecanum_pid_3.elf.dir/Core/Src/tim.c.obj
                0x2000020c                htim4
 .bss.htim3     0x20000254       0x48 CMakeFiles/mecanum_pid_3.elf.dir/Core/Src/tim.c.obj
                0x20000254                htim3
 .bss.htim2     0x2000029c       0x48 CMakeFiles/mecanum_pid_3.elf.dir/Core/Src/tim.c.obj
                0x2000029c                htim2
 .bss.htim1     0x200002e4       0x48 CMakeFiles/mecanum_pid_3.elf.dir/Core/Src/tim.c.obj
                0x200002e4                htim1
 .bss.uwTick    0x2000032c        0x4 CMakeFiles/mecanum_pid_3.elf.dir/Drivers/STM32F1xx_HAL_Driver/Src/stm32f1xx_hal.c.obj
                0x2000032c                uwTick
 .bss.__sf      0x20000330      0x138 D:/msys64/arm-gnu-toolchain-14.2.rel1-mingw-w64-i686-arm-none-eabi/bin/../lib/gcc/arm-none-eabi/14.2.1/thumb/v7-m/nofp\libg.a(libc_a-findfp.o)
                0x20000330                __sf
 .bss.errno     0x20000468        0x4 D:/msys64/arm-gnu-toolchain-14.2.rel1-mingw-w64-i686-arm-none-eabi/bin/../lib/gcc/arm-none-eabi/14.2.1/thumb/v7-m/nofp\libg.a(libc_a-reent.o)
                0x20000468                errno
 .bss.__lock___atexit_recursive_mutex
                0x2000046c        0x1 D:/msys64/arm-gnu-toolchain-14.2.rel1-mingw-w64-i686-arm-none-eabi/bin/../lib/gcc/arm-none-eabi/14.2.1/thumb/v7-m/nofp\libg.a(libc_a-lock.o)
                0x2000046c                __lock___atexit_recursive_mutex
 *fill*         0x2000046d        0x3 
 .bss.__atexit  0x20000470        0x4 D:/msys64/arm-gnu-toolchain-14.2.rel1-mingw-w64-i686-arm-none-eabi/bin/../lib/gcc/arm-none-eabi/14.2.1/thumb/v7-m/nofp\libg.a(libc_a-__call_atexit.o)
                0x20000470                __atexit
 .bss.__atexit0
                0x20000474      0x190 D:/msys64/arm-gnu-toolchain-14.2.rel1-mingw-w64-i686-arm-none-eabi/bin/../lib/gcc/arm-none-eabi/14.2.1/thumb/v7-m/nofp\libg.a(libc_a-__atexit.o)
                0x20000474                __atexit0
 *(COMMON)
                0x20000604                        . = ALIGN (0x4)
                0x20000604                        _ebss = .
                0x20000604                        __bss_end__ = _ebss

._user_heap_stack
                0x20000604      0x604 load address 0x080058fc
                0x20000608                        . = ALIGN (0x8)
 *fill*         0x20000604        0x4 
                [!provide]                        PROVIDE (end = .)
                0x20000608                        PROVIDE (_end = .)
                0x20000808                        . = (. + _Min_Heap_Size)
 *fill*         0x20000608      0x200 
                0x20000c08                        . = (. + _Min_Stack_Size)
 *fill*         0x20000808      0x400 
                0x20000c08                        . = ALIGN (0x8)

/DISCARD/
 libc.a(*)
 libm.a(*)
 libgcc.a(*)

.ARM.attributes
                0x00000000       0x29
 *(.ARM.attributes)
 .ARM.attributes
                0x00000000       0x1d D:/msys64/arm-gnu-toolchain-14.2.rel1-mingw-w64-i686-arm-none-eabi/bin/../lib/gcc/arm-none-eabi/14.2.1/thumb/v7-m/nofp/crti.o
 .ARM.attributes
                0x0000001d       0x2d D:/msys64/arm-gnu-toolchain-14.2.rel1-mingw-w64-i686-arm-none-eabi/bin/../lib/gcc/arm-none-eabi/14.2.1/thumb/v7-m/nofp/crtbegin.o
 .ARM.attributes
                0x0000004a       0x2d CMakeFiles/mecanum_pid_3.elf.dir/Core/Src/PID.cpp.obj
 .ARM.attributes
                0x00000077       0x2d CMakeFiles/mecanum_pid_3.elf.dir/Core/Src/encoder.cpp.obj
 .ARM.attributes
                0x000000a4       0x2d CMakeFiles/mecanum_pid_3.elf.dir/Core/Src/gpio.c.obj
 .ARM.attributes
                0x000000d1       0x2d CMakeFiles/mecanum_pid_3.elf.dir/Core/Src/main.c.obj
 .ARM.attributes
                0x000000fe       0x2d CMakeFiles/mecanum_pid_3.elf.dir/Core/Src/mecanum.cpp.obj
 .ARM.attributes
                0x0000012b       0x2d CMakeFiles/mecanum_pid_3.elf.dir/Core/Src/motor.cpp.obj
 .ARM.attributes
                0x00000158       0x2d CMakeFiles/mecanum_pid_3.elf.dir/Core/Src/robot.cpp.obj
 .ARM.attributes
                0x00000185       0x2d CMakeFiles/mecanum_pid_3.elf.dir/Core/Src/stm32f1xx_hal_msp.c.obj
 .ARM.attributes
                0x000001b2       0x2d CMakeFiles/mecanum_pid_3.elf.dir/Core/Src/stm32f1xx_it.c.obj
 .ARM.attributes
                0x000001df       0x2d CMakeFiles/mecanum_pid_3.elf.dir/Core/Src/syscalls.c.obj
 .ARM.attributes
                0x0000020c       0x2d CMakeFiles/mecanum_pid_3.elf.dir/Core/Src/system_stm32f1xx.c.obj
 .ARM.attributes
                0x00000239       0x2d CMakeFiles/mecanum_pid_3.elf.dir/Core/Src/tim.c.obj
 .ARM.attributes
                0x00000266       0x21 CMakeFiles/mecanum_pid_3.elf.dir/Core/Startup/startup_stm32f103zetx.s.obj
 .ARM.attributes
                0x00000287       0x2d CMakeFiles/mecanum_pid_3.elf.dir/Drivers/STM32F1xx_HAL_Driver/Src/stm32f1xx_hal.c.obj
 .ARM.attributes
                0x000002b4       0x2d CMakeFiles/mecanum_pid_3.elf.dir/Drivers/STM32F1xx_HAL_Driver/Src/stm32f1xx_hal_cortex.c.obj
 .ARM.attributes
                0x000002e1       0x2d CMakeFiles/mecanum_pid_3.elf.dir/Drivers/STM32F1xx_HAL_Driver/Src/stm32f1xx_hal_gpio.c.obj
 .ARM.attributes
                0x0000030e       0x2d CMakeFiles/mecanum_pid_3.elf.dir/Drivers/STM32F1xx_HAL_Driver/Src/stm32f1xx_hal_rcc.c.obj
 .ARM.attributes
                0x0000033b       0x2d CMakeFiles/mecanum_pid_3.elf.dir/Drivers/STM32F1xx_HAL_Driver/Src/stm32f1xx_hal_tim.c.obj
 .ARM.attributes
                0x00000368       0x2d CMakeFiles/mecanum_pid_3.elf.dir/Drivers/STM32F1xx_HAL_Driver/Src/stm32f1xx_hal_tim_ex.c.obj
 .ARM.attributes
                0x00000395       0x2d D:/msys64/arm-gnu-toolchain-14.2.rel1-mingw-w64-i686-arm-none-eabi/bin/../lib/gcc/arm-none-eabi/14.2.1/thumb/v7-m/nofp\libm.a(libm_a-s_cos.o)
 .ARM.attributes
                0x000003c2       0x2d D:/msys64/arm-gnu-toolchain-14.2.rel1-mingw-w64-i686-arm-none-eabi/bin/../lib/gcc/arm-none-eabi/14.2.1/thumb/v7-m/nofp\libm.a(libm_a-s_sin.o)
 .ARM.attributes
                0x000003ef       0x2d D:/msys64/arm-gnu-toolchain-14.2.rel1-mingw-w64-i686-arm-none-eabi/bin/../lib/gcc/arm-none-eabi/14.2.1/thumb/v7-m/nofp\libm.a(libm_a-k_cos.o)
 .ARM.attributes
                0x0000041c       0x2d D:/msys64/arm-gnu-toolchain-14.2.rel1-mingw-w64-i686-arm-none-eabi/bin/../lib/gcc/arm-none-eabi/14.2.1/thumb/v7-m/nofp\libm.a(libm_a-k_sin.o)
 .ARM.attributes
                0x00000449       0x2d D:/msys64/arm-gnu-toolchain-14.2.rel1-mingw-w64-i686-arm-none-eabi/bin/../lib/gcc/arm-none-eabi/14.2.1/thumb/v7-m/nofp\libm.a(libm_a-e_rem_pio2.o)
 .ARM.attributes
                0x00000476       0x2d D:/msys64/arm-gnu-toolchain-14.2.rel1-mingw-w64-i686-arm-none-eabi/bin/../lib/gcc/arm-none-eabi/14.2.1/thumb/v7-m/nofp\libm.a(libm_a-s_fabs.o)
 .ARM.attributes
                0x000004a3       0x2d D:/msys64/arm-gnu-toolchain-14.2.rel1-mingw-w64-i686-arm-none-eabi/bin/../lib/gcc/arm-none-eabi/14.2.1/thumb/v7-m/nofp\libm.a(libm_a-k_rem_pio2.o)
 .ARM.attributes
                0x000004d0       0x2d D:/msys64/arm-gnu-toolchain-14.2.rel1-mingw-w64-i686-arm-none-eabi/bin/../lib/gcc/arm-none-eabi/14.2.1/thumb/v7-m/nofp\libm.a(libm_a-s_scalbn.o)
 .ARM.attributes
                0x000004fd       0x2d D:/msys64/arm-gnu-toolchain-14.2.rel1-mingw-w64-i686-arm-none-eabi/bin/../lib/gcc/arm-none-eabi/14.2.1/thumb/v7-m/nofp\libm.a(libm_a-s_floor.o)
 .ARM.attributes
                0x0000052a       0x1d D:/msys64/arm-gnu-toolchain-14.2.rel1-mingw-w64-i686-arm-none-eabi/bin/../lib/gcc/arm-none-eabi/14.2.1/thumb/v7-m/nofp\libgcc.a(_arm_mulsf3.o)
 .ARM.attributes
                0x00000547       0x1d D:/msys64/arm-gnu-toolchain-14.2.rel1-mingw-w64-i686-arm-none-eabi/bin/../lib/gcc/arm-none-eabi/14.2.1/thumb/v7-m/nofp\libgcc.a(_arm_addsubdf3.o)
 .ARM.attributes
                0x00000564       0x1d D:/msys64/arm-gnu-toolchain-14.2.rel1-mingw-w64-i686-arm-none-eabi/bin/../lib/gcc/arm-none-eabi/14.2.1/thumb/v7-m/nofp\libgcc.a(_arm_muldivdf3.o)
 .ARM.attributes
                0x00000581       0x1d D:/msys64/arm-gnu-toolchain-14.2.rel1-mingw-w64-i686-arm-none-eabi/bin/../lib/gcc/arm-none-eabi/14.2.1/thumb/v7-m/nofp\libgcc.a(_arm_cmpdf2.o)
 .ARM.attributes
                0x0000059e       0x1d D:/msys64/arm-gnu-toolchain-14.2.rel1-mingw-w64-i686-arm-none-eabi/bin/../lib/gcc/arm-none-eabi/14.2.1/thumb/v7-m/nofp\libgcc.a(_arm_fixdfsi.o)
 .ARM.attributes
                0x000005bb       0x1d D:/msys64/arm-gnu-toolchain-14.2.rel1-mingw-w64-i686-arm-none-eabi/bin/../lib/gcc/arm-none-eabi/14.2.1/thumb/v7-m/nofp\libgcc.a(_arm_truncdfsf2.o)
 .ARM.attributes
                0x000005d8       0x1d D:/msys64/arm-gnu-toolchain-14.2.rel1-mingw-w64-i686-arm-none-eabi/bin/../lib/gcc/arm-none-eabi/14.2.1/thumb/v7-m/nofp\libgcc.a(_arm_addsubsf3.o)
 .ARM.attributes
                0x000005f5       0x1d D:/msys64/arm-gnu-toolchain-14.2.rel1-mingw-w64-i686-arm-none-eabi/bin/../lib/gcc/arm-none-eabi/14.2.1/thumb/v7-m/nofp\libgcc.a(_arm_cmpsf2.o)
 .ARM.attributes
                0x00000612       0x1d D:/msys64/arm-gnu-toolchain-14.2.rel1-mingw-w64-i686-arm-none-eabi/bin/../lib/gcc/arm-none-eabi/14.2.1/thumb/v7-m/nofp\libgcc.a(_arm_fixsfsi.o)
 .ARM.attributes
                0x0000062f       0x2d D:/msys64/arm-gnu-toolchain-14.2.rel1-mingw-w64-i686-arm-none-eabi/bin/../lib/gcc/arm-none-eabi/14.2.1/thumb/v7-m/nofp\libgcc.a(unwind-arm.o)
 .ARM.attributes
                0x0000065c       0x1d D:/msys64/arm-gnu-toolchain-14.2.rel1-mingw-w64-i686-arm-none-eabi/bin/../lib/gcc/arm-none-eabi/14.2.1/thumb/v7-m/nofp\libgcc.a(libunwind.o)
 .ARM.attributes
                0x00000679       0x2d D:/msys64/arm-gnu-toolchain-14.2.rel1-mingw-w64-i686-arm-none-eabi/bin/../lib/gcc/arm-none-eabi/14.2.1/thumb/v7-m/nofp\libgcc.a(pr-support.o)
 .ARM.attributes
                0x000006a6       0x2d D:/msys64/arm-gnu-toolchain-14.2.rel1-mingw-w64-i686-arm-none-eabi/bin/../lib/gcc/arm-none-eabi/14.2.1/thumb/v7-m/nofp\libg.a(libc_a-abort.o)
 .ARM.attributes
                0x000006d3       0x2d D:/msys64/arm-gnu-toolchain-14.2.rel1-mingw-w64-i686-arm-none-eabi/bin/../lib/gcc/arm-none-eabi/14.2.1/thumb/v7-m/nofp\libg.a(libc_a-findfp.o)
 .ARM.attributes
                0x00000700       0x2d D:/msys64/arm-gnu-toolchain-14.2.rel1-mingw-w64-i686-arm-none-eabi/bin/../lib/gcc/arm-none-eabi/14.2.1/thumb/v7-m/nofp\libg.a(libc_a-memset.o)
 .ARM.attributes
                0x0000072d       0x2d D:/msys64/arm-gnu-toolchain-14.2.rel1-mingw-w64-i686-arm-none-eabi/bin/../lib/gcc/arm-none-eabi/14.2.1/thumb/v7-m/nofp\libg.a(libc_a-signal.o)
 .ARM.attributes
                0x0000075a       0x2d D:/msys64/arm-gnu-toolchain-14.2.rel1-mingw-w64-i686-arm-none-eabi/bin/../lib/gcc/arm-none-eabi/14.2.1/thumb/v7-m/nofp\libg.a(libc_a-reent.o)
 .ARM.attributes
                0x00000787       0x2d D:/msys64/arm-gnu-toolchain-14.2.rel1-mingw-w64-i686-arm-none-eabi/bin/../lib/gcc/arm-none-eabi/14.2.1/thumb/v7-m/nofp\libg.a(libc_a-impure.o)
 .ARM.attributes
                0x000007b4       0x2d D:/msys64/arm-gnu-toolchain-14.2.rel1-mingw-w64-i686-arm-none-eabi/bin/../lib/gcc/arm-none-eabi/14.2.1/thumb/v7-m/nofp\libg.a(libc_a-signalr.o)
 .ARM.attributes
                0x000007e1       0x2d D:/msys64/arm-gnu-toolchain-14.2.rel1-mingw-w64-i686-arm-none-eabi/bin/../lib/gcc/arm-none-eabi/14.2.1/thumb/v7-m/nofp\libg.a(libc_a-errno.o)
 .ARM.attributes
                0x0000080e       0x2d D:/msys64/arm-gnu-toolchain-14.2.rel1-mingw-w64-i686-arm-none-eabi/bin/../lib/gcc/arm-none-eabi/14.2.1/thumb/v7-m/nofp\libg.a(libc_a-init.o)
 .ARM.attributes
                0x0000083b       0x2d D:/msys64/arm-gnu-toolchain-14.2.rel1-mingw-w64-i686-arm-none-eabi/bin/../lib/gcc/arm-none-eabi/14.2.1/thumb/v7-m/nofp\libg.a(libc_a-lock.o)
 .ARM.attributes
                0x00000868       0x1b D:/msys64/arm-gnu-toolchain-14.2.rel1-mingw-w64-i686-arm-none-eabi/bin/../lib/gcc/arm-none-eabi/14.2.1/thumb/v7-m/nofp\libg.a(libc_a-memcpy.o)
 .ARM.attributes
                0x00000883       0x2d D:/msys64/arm-gnu-toolchain-14.2.rel1-mingw-w64-i686-arm-none-eabi/bin/../lib/gcc/arm-none-eabi/14.2.1/thumb/v7-m/nofp\libg.a(libc_a-__call_atexit.o)
 .ARM.attributes
                0x000008b0       0x2d D:/msys64/arm-gnu-toolchain-14.2.rel1-mingw-w64-i686-arm-none-eabi/bin/../lib/gcc/arm-none-eabi/14.2.1/thumb/v7-m/nofp\libg.a(libc_a-atexit.o)
 .ARM.attributes
                0x000008dd       0x2d D:/msys64/arm-gnu-toolchain-14.2.rel1-mingw-w64-i686-arm-none-eabi/bin/../lib/gcc/arm-none-eabi/14.2.1/thumb/v7-m/nofp\libg.a(libc_a-fini.o)
 .ARM.attributes
                0x0000090a       0x2d D:/msys64/arm-gnu-toolchain-14.2.rel1-mingw-w64-i686-arm-none-eabi/bin/../lib/gcc/arm-none-eabi/14.2.1/thumb/v7-m/nofp\libg.a(libc_a-__atexit.o)
 .ARM.attributes
                0x00000937       0x2d D:/msys64/arm-gnu-toolchain-14.2.rel1-mingw-w64-i686-arm-none-eabi/bin/../lib/gcc/arm-none-eabi/14.2.1/thumb/v7-m/nofp/crtend.o
 .ARM.attributes
                0x00000964       0x1d D:/msys64/arm-gnu-toolchain-14.2.rel1-mingw-w64-i686-arm-none-eabi/bin/../lib/gcc/arm-none-eabi/14.2.1/thumb/v7-m/nofp/crtn.o
OUTPUT(mecanum_pid_3.elf elf32-littlearm)
LOAD linker stubs
LOAD D:/msys64/arm-gnu-toolchain-14.2.rel1-mingw-w64-i686-arm-none-eabi/bin/../lib/gcc/arm-none-eabi/14.2.1/thumb/v7-m/nofp\libc.a
LOAD D:/msys64/arm-gnu-toolchain-14.2.rel1-mingw-w64-i686-arm-none-eabi/bin/../lib/gcc/arm-none-eabi/14.2.1/thumb/v7-m/nofp\libm.a
LOAD D:/msys64/arm-gnu-toolchain-14.2.rel1-mingw-w64-i686-arm-none-eabi/bin/../lib/gcc/arm-none-eabi/14.2.1/thumb/v7-m/nofp\libgcc.a

.debug_info     0x00000000    0x12973
 .debug_info    0x00000000     0x1895 CMakeFiles/mecanum_pid_3.elf.dir/Core/Src/PID.cpp.obj
 .debug_info    0x00001895     0x1d9b CMakeFiles/mecanum_pid_3.elf.dir/Core/Src/encoder.cpp.obj
 .debug_info    0x00003630      0x1b6 CMakeFiles/mecanum_pid_3.elf.dir/Core/Src/gpio.c.obj
 .debug_info    0x000037e6      0x409 CMakeFiles/mecanum_pid_3.elf.dir/Core/Src/main.c.obj
 .debug_info    0x00003bef     0x1b5c CMakeFiles/mecanum_pid_3.elf.dir/Core/Src/mecanum.cpp.obj
 .debug_info    0x0000574b     0x1c24 CMakeFiles/mecanum_pid_3.elf.dir/Core/Src/motor.cpp.obj
 .debug_info    0x0000736f     0x1777 CMakeFiles/mecanum_pid_3.elf.dir/Core/Src/robot.cpp.obj
 .debug_info    0x00008ae6      0x1f4 CMakeFiles/mecanum_pid_3.elf.dir/Core/Src/stm32f1xx_hal_msp.c.obj
 .debug_info    0x00008cda      0x11d CMakeFiles/mecanum_pid_3.elf.dir/Core/Src/stm32f1xx_it.c.obj
 .debug_info    0x00008df7      0x789 CMakeFiles/mecanum_pid_3.elf.dir/Core/Src/syscalls.c.obj
 .debug_info    0x00009580      0x22d CMakeFiles/mecanum_pid_3.elf.dir/Core/Src/system_stm32f1xx.c.obj
 .debug_info    0x000097ad     0x15d7 CMakeFiles/mecanum_pid_3.elf.dir/Core/Src/tim.c.obj
 .debug_info    0x0000ad84       0x30 CMakeFiles/mecanum_pid_3.elf.dir/Core/Startup/startup_stm32f103zetx.s.obj
 .debug_info    0x0000adb4      0x808 CMakeFiles/mecanum_pid_3.elf.dir/Drivers/STM32F1xx_HAL_Driver/Src/stm32f1xx_hal.c.obj
 .debug_info    0x0000b5bc      0xd3f CMakeFiles/mecanum_pid_3.elf.dir/Drivers/STM32F1xx_HAL_Driver/Src/stm32f1xx_hal_cortex.c.obj
 .debug_info    0x0000c2fb      0x604 CMakeFiles/mecanum_pid_3.elf.dir/Drivers/STM32F1xx_HAL_Driver/Src/stm32f1xx_hal_gpio.c.obj
 .debug_info    0x0000c8ff      0x9c7 CMakeFiles/mecanum_pid_3.elf.dir/Drivers/STM32F1xx_HAL_Driver/Src/stm32f1xx_hal_rcc.c.obj
 .debug_info    0x0000d2c6     0x3c0f CMakeFiles/mecanum_pid_3.elf.dir/Drivers/STM32F1xx_HAL_Driver/Src/stm32f1xx_hal_tim.c.obj
 .debug_info    0x00010ed5     0x1a9e CMakeFiles/mecanum_pid_3.elf.dir/Drivers/STM32F1xx_HAL_Driver/Src/stm32f1xx_hal_tim_ex.c.obj

.debug_abbrev   0x00000000     0x23d9
 .debug_abbrev  0x00000000      0x219 CMakeFiles/mecanum_pid_3.elf.dir/Core/Src/PID.cpp.obj
 .debug_abbrev  0x00000219      0x2d2 CMakeFiles/mecanum_pid_3.elf.dir/Core/Src/encoder.cpp.obj
 .debug_abbrev  0x000004eb       0xc4 CMakeFiles/mecanum_pid_3.elf.dir/Core/Src/gpio.c.obj
 .debug_abbrev  0x000005af      0x1aa CMakeFiles/mecanum_pid_3.elf.dir/Core/Src/main.c.obj
 .debug_abbrev  0x00000759      0x1df CMakeFiles/mecanum_pid_3.elf.dir/Core/Src/mecanum.cpp.obj
 .debug_abbrev  0x00000938      0x28b CMakeFiles/mecanum_pid_3.elf.dir/Core/Src/motor.cpp.obj
 .debug_abbrev  0x00000bc3      0x1d8 CMakeFiles/mecanum_pid_3.elf.dir/Core/Src/robot.cpp.obj
 .debug_abbrev  0x00000d9b       0xed CMakeFiles/mecanum_pid_3.elf.dir/Core/Src/stm32f1xx_hal_msp.c.obj
 .debug_abbrev  0x00000e88       0x7c CMakeFiles/mecanum_pid_3.elf.dir/Core/Src/stm32f1xx_it.c.obj
 .debug_abbrev  0x00000f04      0x1c1 CMakeFiles/mecanum_pid_3.elf.dir/Core/Src/syscalls.c.obj
 .debug_abbrev  0x000010c5      0x143 CMakeFiles/mecanum_pid_3.elf.dir/Core/Src/system_stm32f1xx.c.obj
 .debug_abbrev  0x00001208      0x29e CMakeFiles/mecanum_pid_3.elf.dir/Core/Src/tim.c.obj
 .debug_abbrev  0x000014a6       0x24 CMakeFiles/mecanum_pid_3.elf.dir/Core/Startup/startup_stm32f103zetx.s.obj
 .debug_abbrev  0x000014ca      0x22d CMakeFiles/mecanum_pid_3.elf.dir/Drivers/STM32F1xx_HAL_Driver/Src/stm32f1xx_hal.c.obj
 .debug_abbrev  0x000016f7      0x36d CMakeFiles/mecanum_pid_3.elf.dir/Drivers/STM32F1xx_HAL_Driver/Src/stm32f1xx_hal_cortex.c.obj
 .debug_abbrev  0x00001a64      0x1f7 CMakeFiles/mecanum_pid_3.elf.dir/Drivers/STM32F1xx_HAL_Driver/Src/stm32f1xx_hal_gpio.c.obj
 .debug_abbrev  0x00001c5b      0x2a0 CMakeFiles/mecanum_pid_3.elf.dir/Drivers/STM32F1xx_HAL_Driver/Src/stm32f1xx_hal_rcc.c.obj
 .debug_abbrev  0x00001efb      0x270 CMakeFiles/mecanum_pid_3.elf.dir/Drivers/STM32F1xx_HAL_Driver/Src/stm32f1xx_hal_tim.c.obj
 .debug_abbrev  0x0000216b      0x26e CMakeFiles/mecanum_pid_3.elf.dir/Drivers/STM32F1xx_HAL_Driver/Src/stm32f1xx_hal_tim_ex.c.obj

.debug_loclists
                0x00000000     0x62aa
 .debug_loclists
                0x00000000       0xf8 CMakeFiles/mecanum_pid_3.elf.dir/Core/Src/PID.cpp.obj
 .debug_loclists
                0x000000f8      0x125 CMakeFiles/mecanum_pid_3.elf.dir/Core/Src/encoder.cpp.obj
 .debug_loclists
                0x0000021d      0x20a CMakeFiles/mecanum_pid_3.elf.dir/Core/Src/mecanum.cpp.obj
 .debug_loclists
                0x00000427       0x43 CMakeFiles/mecanum_pid_3.elf.dir/Core/Src/motor.cpp.obj
 .debug_loclists
                0x0000046a       0x17 CMakeFiles/mecanum_pid_3.elf.dir/Core/Src/stm32f1xx_hal_msp.c.obj
 .debug_loclists
                0x00000481      0x2cd CMakeFiles/mecanum_pid_3.elf.dir/Core/Src/syscalls.c.obj
 .debug_loclists
                0x0000074e       0xb7 CMakeFiles/mecanum_pid_3.elf.dir/Core/Src/system_stm32f1xx.c.obj
 .debug_loclists
                0x00000805      0x1cc CMakeFiles/mecanum_pid_3.elf.dir/Core/Src/tim.c.obj
 .debug_loclists
                0x000009d1       0xe1 CMakeFiles/mecanum_pid_3.elf.dir/Drivers/STM32F1xx_HAL_Driver/Src/stm32f1xx_hal.c.obj
 .debug_loclists
                0x00000ab2      0x530 CMakeFiles/mecanum_pid_3.elf.dir/Drivers/STM32F1xx_HAL_Driver/Src/stm32f1xx_hal_cortex.c.obj
 .debug_loclists
                0x00000fe2      0x302 CMakeFiles/mecanum_pid_3.elf.dir/Drivers/STM32F1xx_HAL_Driver/Src/stm32f1xx_hal_gpio.c.obj
 .debug_loclists
                0x000012e4      0x42e CMakeFiles/mecanum_pid_3.elf.dir/Drivers/STM32F1xx_HAL_Driver/Src/stm32f1xx_hal_rcc.c.obj
 .debug_loclists
                0x00001712     0x37b9 CMakeFiles/mecanum_pid_3.elf.dir/Drivers/STM32F1xx_HAL_Driver/Src/stm32f1xx_hal_tim.c.obj
 .debug_loclists
                0x00004ecb     0x13df CMakeFiles/mecanum_pid_3.elf.dir/Drivers/STM32F1xx_HAL_Driver/Src/stm32f1xx_hal_tim_ex.c.obj

.debug_aranges  0x00000000      0xad0
 .debug_aranges
                0x00000000       0x28 CMakeFiles/mecanum_pid_3.elf.dir/Core/Src/PID.cpp.obj
 .debug_aranges
                0x00000028       0x38 CMakeFiles/mecanum_pid_3.elf.dir/Core/Src/encoder.cpp.obj
 .debug_aranges
                0x00000060       0x20 CMakeFiles/mecanum_pid_3.elf.dir/Core/Src/gpio.c.obj
 .debug_aranges
                0x00000080       0x30 CMakeFiles/mecanum_pid_3.elf.dir/Core/Src/main.c.obj
 .debug_aranges
                0x000000b0       0x30 CMakeFiles/mecanum_pid_3.elf.dir/Core/Src/mecanum.cpp.obj
 .debug_aranges
                0x000000e0       0x28 CMakeFiles/mecanum_pid_3.elf.dir/Core/Src/motor.cpp.obj
 .debug_aranges
                0x00000108       0x20 CMakeFiles/mecanum_pid_3.elf.dir/Core/Src/robot.cpp.obj
 .debug_aranges
                0x00000128       0x20 CMakeFiles/mecanum_pid_3.elf.dir/Core/Src/stm32f1xx_hal_msp.c.obj
 .debug_aranges
                0x00000148       0x60 CMakeFiles/mecanum_pid_3.elf.dir/Core/Src/stm32f1xx_it.c.obj
 .debug_aranges
                0x000001a8       0xa8 CMakeFiles/mecanum_pid_3.elf.dir/Core/Src/syscalls.c.obj
 .debug_aranges
                0x00000250       0x28 CMakeFiles/mecanum_pid_3.elf.dir/Core/Src/system_stm32f1xx.c.obj
 .debug_aranges
                0x00000278       0x70 CMakeFiles/mecanum_pid_3.elf.dir/Core/Src/tim.c.obj
 .debug_aranges
                0x000002e8       0x28 CMakeFiles/mecanum_pid_3.elf.dir/Core/Startup/startup_stm32f103zetx.s.obj
 .debug_aranges
                0x00000310       0xe0 CMakeFiles/mecanum_pid_3.elf.dir/Drivers/STM32F1xx_HAL_Driver/Src/stm32f1xx_hal.c.obj
 .debug_aranges
                0x000003f0       0xc0 CMakeFiles/mecanum_pid_3.elf.dir/Drivers/STM32F1xx_HAL_Driver/Src/stm32f1xx_hal_cortex.c.obj
 .debug_aranges
                0x000004b0       0x58 CMakeFiles/mecanum_pid_3.elf.dir/Drivers/STM32F1xx_HAL_Driver/Src/stm32f1xx_hal_gpio.c.obj
 .debug_aranges
                0x00000508       0x90 CMakeFiles/mecanum_pid_3.elf.dir/Drivers/STM32F1xx_HAL_Driver/Src/stm32f1xx_hal_rcc.c.obj
 .debug_aranges
                0x00000598      0x3d0 CMakeFiles/mecanum_pid_3.elf.dir/Drivers/STM32F1xx_HAL_Driver/Src/stm32f1xx_hal_tim.c.obj
 .debug_aranges
                0x00000968      0x168 CMakeFiles/mecanum_pid_3.elf.dir/Drivers/STM32F1xx_HAL_Driver/Src/stm32f1xx_hal_tim_ex.c.obj

.debug_rnglists
                0x00000000      0x81c
 .debug_rnglists
                0x00000000       0x1a CMakeFiles/mecanum_pid_3.elf.dir/Core/Src/PID.cpp.obj
 .debug_rnglists
                0x0000001a       0x26 CMakeFiles/mecanum_pid_3.elf.dir/Core/Src/encoder.cpp.obj
 .debug_rnglists
                0x00000040       0x13 CMakeFiles/mecanum_pid_3.elf.dir/Core/Src/gpio.c.obj
 .debug_rnglists
                0x00000053       0x1f CMakeFiles/mecanum_pid_3.elf.dir/Core/Src/main.c.obj
 .debug_rnglists
                0x00000072       0x22 CMakeFiles/mecanum_pid_3.elf.dir/Core/Src/mecanum.cpp.obj
 .debug_rnglists
                0x00000094       0x1a CMakeFiles/mecanum_pid_3.elf.dir/Core/Src/motor.cpp.obj
 .debug_rnglists
                0x000000ae       0x13 CMakeFiles/mecanum_pid_3.elf.dir/Core/Src/robot.cpp.obj
 .debug_rnglists
                0x000000c1       0x13 CMakeFiles/mecanum_pid_3.elf.dir/Core/Src/stm32f1xx_hal_msp.c.obj
 .debug_rnglists
                0x000000d4       0x43 CMakeFiles/mecanum_pid_3.elf.dir/Core/Src/stm32f1xx_it.c.obj
 .debug_rnglists
                0x00000117       0x79 CMakeFiles/mecanum_pid_3.elf.dir/Core/Src/syscalls.c.obj
 .debug_rnglists
                0x00000190       0x1a CMakeFiles/mecanum_pid_3.elf.dir/Core/Src/system_stm32f1xx.c.obj
 .debug_rnglists
                0x000001aa       0x54 CMakeFiles/mecanum_pid_3.elf.dir/Core/Src/tim.c.obj
 .debug_rnglists
                0x000001fe       0x19 CMakeFiles/mecanum_pid_3.elf.dir/Core/Startup/startup_stm32f103zetx.s.obj
 .debug_rnglists
                0x00000217       0xa3 CMakeFiles/mecanum_pid_3.elf.dir/Drivers/STM32F1xx_HAL_Driver/Src/stm32f1xx_hal.c.obj
 .debug_rnglists
                0x000002ba       0x8b CMakeFiles/mecanum_pid_3.elf.dir/Drivers/STM32F1xx_HAL_Driver/Src/stm32f1xx_hal_cortex.c.obj
 .debug_rnglists
                0x00000345       0x3f CMakeFiles/mecanum_pid_3.elf.dir/Drivers/STM32F1xx_HAL_Driver/Src/stm32f1xx_hal_gpio.c.obj
 .debug_rnglists
                0x00000384       0x7d CMakeFiles/mecanum_pid_3.elf.dir/Drivers/STM32F1xx_HAL_Driver/Src/stm32f1xx_hal_rcc.c.obj
 .debug_rnglists
                0x00000401      0x301 CMakeFiles/mecanum_pid_3.elf.dir/Drivers/STM32F1xx_HAL_Driver/Src/stm32f1xx_hal_tim.c.obj
 .debug_rnglists
                0x00000702      0x11a CMakeFiles/mecanum_pid_3.elf.dir/Drivers/STM32F1xx_HAL_Driver/Src/stm32f1xx_hal_tim_ex.c.obj

.debug_line     0x00000000     0xb207
 .debug_line    0x00000000      0x3ba CMakeFiles/mecanum_pid_3.elf.dir/Core/Src/PID.cpp.obj
 .debug_line    0x000003ba      0x5d4 CMakeFiles/mecanum_pid_3.elf.dir/Core/Src/encoder.cpp.obj
 .debug_line    0x0000098e      0x1b1 CMakeFiles/mecanum_pid_3.elf.dir/Core/Src/gpio.c.obj
 .debug_line    0x00000b3f      0x343 CMakeFiles/mecanum_pid_3.elf.dir/Core/Src/main.c.obj
 .debug_line    0x00000e82      0x4c7 CMakeFiles/mecanum_pid_3.elf.dir/Core/Src/mecanum.cpp.obj
 .debug_line    0x00001349      0x596 CMakeFiles/mecanum_pid_3.elf.dir/Core/Src/motor.cpp.obj
 .debug_line    0x000018df      0x35e CMakeFiles/mecanum_pid_3.elf.dir/Core/Src/robot.cpp.obj
 .debug_line    0x00001c3d      0x1b2 CMakeFiles/mecanum_pid_3.elf.dir/Core/Src/stm32f1xx_hal_msp.c.obj
 .debug_line    0x00001def      0x16f CMakeFiles/mecanum_pid_3.elf.dir/Core/Src/stm32f1xx_it.c.obj
 .debug_line    0x00001f5e      0x415 CMakeFiles/mecanum_pid_3.elf.dir/Core/Src/syscalls.c.obj
 .debug_line    0x00002373      0x27b CMakeFiles/mecanum_pid_3.elf.dir/Core/Src/system_stm32f1xx.c.obj
 .debug_line    0x000025ee      0xaa2 CMakeFiles/mecanum_pid_3.elf.dir/Core/Src/tim.c.obj
 .debug_line    0x00003090       0x79 CMakeFiles/mecanum_pid_3.elf.dir/Core/Startup/startup_stm32f103zetx.s.obj
 .debug_line    0x00003109      0x596 CMakeFiles/mecanum_pid_3.elf.dir/Drivers/STM32F1xx_HAL_Driver/Src/stm32f1xx_hal.c.obj
 .debug_line    0x0000369f      0x6f6 CMakeFiles/mecanum_pid_3.elf.dir/Drivers/STM32F1xx_HAL_Driver/Src/stm32f1xx_hal_cortex.c.obj
 .debug_line    0x00003d95      0x640 CMakeFiles/mecanum_pid_3.elf.dir/Drivers/STM32F1xx_HAL_Driver/Src/stm32f1xx_hal_gpio.c.obj
 .debug_line    0x000043d5      0xd07 CMakeFiles/mecanum_pid_3.elf.dir/Drivers/STM32F1xx_HAL_Driver/Src/stm32f1xx_hal_rcc.c.obj
 .debug_line    0x000050dc     0x46f4 CMakeFiles/mecanum_pid_3.elf.dir/Drivers/STM32F1xx_HAL_Driver/Src/stm32f1xx_hal_tim.c.obj
 .debug_line    0x000097d0     0x1a37 CMakeFiles/mecanum_pid_3.elf.dir/Drivers/STM32F1xx_HAL_Driver/Src/stm32f1xx_hal_tim_ex.c.obj

.debug_str      0x00000000     0x3fa6
 .debug_str     0x00000000     0x3fa6 CMakeFiles/mecanum_pid_3.elf.dir/Core/Src/PID.cpp.obj
                                0xd4f (size before relaxing)
 .debug_str     0x00003fa6     0x12b9 CMakeFiles/mecanum_pid_3.elf.dir/Core/Src/encoder.cpp.obj
 .debug_str     0x00003fa6      0x205 CMakeFiles/mecanum_pid_3.elf.dir/Core/Src/gpio.c.obj
 .debug_str     0x00003fa6      0x415 CMakeFiles/mecanum_pid_3.elf.dir/Core/Src/main.c.obj
 .debug_str     0x00003fa6      0xda3 CMakeFiles/mecanum_pid_3.elf.dir/Core/Src/mecanum.cpp.obj
 .debug_str     0x00003fa6     0x125a CMakeFiles/mecanum_pid_3.elf.dir/Core/Src/motor.cpp.obj
 .debug_str     0x00003fa6      0xd67 CMakeFiles/mecanum_pid_3.elf.dir/Core/Src/robot.cpp.obj
 .debug_str     0x00003fa6      0x23f CMakeFiles/mecanum_pid_3.elf.dir/Core/Src/stm32f1xx_hal_msp.c.obj
 .debug_str     0x00003fa6      0x242 CMakeFiles/mecanum_pid_3.elf.dir/Core/Src/stm32f1xx_it.c.obj
 .debug_str     0x00003fa6      0x40c CMakeFiles/mecanum_pid_3.elf.dir/Core/Src/syscalls.c.obj
 .debug_str     0x00003fa6      0x274 CMakeFiles/mecanum_pid_3.elf.dir/Core/Src/system_stm32f1xx.c.obj
 .debug_str     0x00003fa6      0xba2 CMakeFiles/mecanum_pid_3.elf.dir/Core/Src/tim.c.obj
 .debug_str     0x00003fa6       0x85 CMakeFiles/mecanum_pid_3.elf.dir/Core/Startup/startup_stm32f103zetx.s.obj
 .debug_str     0x00003fa6      0x932 CMakeFiles/mecanum_pid_3.elf.dir/Drivers/STM32F1xx_HAL_Driver/Src/stm32f1xx_hal.c.obj
 .debug_str     0x00003fa6      0x9d7 CMakeFiles/mecanum_pid_3.elf.dir/Drivers/STM32F1xx_HAL_Driver/Src/stm32f1xx_hal_cortex.c.obj
 .debug_str     0x00003fa6      0x420 CMakeFiles/mecanum_pid_3.elf.dir/Drivers/STM32F1xx_HAL_Driver/Src/stm32f1xx_hal_gpio.c.obj
 .debug_str     0x00003fa6      0x64b CMakeFiles/mecanum_pid_3.elf.dir/Drivers/STM32F1xx_HAL_Driver/Src/stm32f1xx_hal_rcc.c.obj
 .debug_str     0x00003fa6     0x16a5 CMakeFiles/mecanum_pid_3.elf.dir/Drivers/STM32F1xx_HAL_Driver/Src/stm32f1xx_hal_tim.c.obj
 .debug_str     0x00003fa6      0xeb1 CMakeFiles/mecanum_pid_3.elf.dir/Drivers/STM32F1xx_HAL_Driver/Src/stm32f1xx_hal_tim_ex.c.obj

.comment        0x00000000       0x45
 .comment       0x00000000       0x45 CMakeFiles/mecanum_pid_3.elf.dir/Core/Src/PID.cpp.obj
                                 0x46 (size before relaxing)
 .comment       0x00000045       0x46 CMakeFiles/mecanum_pid_3.elf.dir/Core/Src/encoder.cpp.obj
 .comment       0x00000045       0x46 CMakeFiles/mecanum_pid_3.elf.dir/Core/Src/gpio.c.obj
 .comment       0x00000045       0x46 CMakeFiles/mecanum_pid_3.elf.dir/Core/Src/main.c.obj
 .comment       0x00000045       0x46 CMakeFiles/mecanum_pid_3.elf.dir/Core/Src/mecanum.cpp.obj
 .comment       0x00000045       0x46 CMakeFiles/mecanum_pid_3.elf.dir/Core/Src/motor.cpp.obj
 .comment       0x00000045       0x46 CMakeFiles/mecanum_pid_3.elf.dir/Core/Src/robot.cpp.obj
 .comment       0x00000045       0x46 CMakeFiles/mecanum_pid_3.elf.dir/Core/Src/stm32f1xx_hal_msp.c.obj
 .comment       0x00000045       0x46 CMakeFiles/mecanum_pid_3.elf.dir/Core/Src/stm32f1xx_it.c.obj
 .comment       0x00000045       0x46 CMakeFiles/mecanum_pid_3.elf.dir/Core/Src/syscalls.c.obj
 .comment       0x00000045       0x46 CMakeFiles/mecanum_pid_3.elf.dir/Core/Src/system_stm32f1xx.c.obj
 .comment       0x00000045       0x46 CMakeFiles/mecanum_pid_3.elf.dir/Core/Src/tim.c.obj
 .comment       0x00000045       0x46 CMakeFiles/mecanum_pid_3.elf.dir/Drivers/STM32F1xx_HAL_Driver/Src/stm32f1xx_hal.c.obj
 .comment       0x00000045       0x46 CMakeFiles/mecanum_pid_3.elf.dir/Drivers/STM32F1xx_HAL_Driver/Src/stm32f1xx_hal_cortex.c.obj
 .comment       0x00000045       0x46 CMakeFiles/mecanum_pid_3.elf.dir/Drivers/STM32F1xx_HAL_Driver/Src/stm32f1xx_hal_gpio.c.obj
 .comment       0x00000045       0x46 CMakeFiles/mecanum_pid_3.elf.dir/Drivers/STM32F1xx_HAL_Driver/Src/stm32f1xx_hal_rcc.c.obj
 .comment       0x00000045       0x46 CMakeFiles/mecanum_pid_3.elf.dir/Drivers/STM32F1xx_HAL_Driver/Src/stm32f1xx_hal_tim.c.obj
 .comment       0x00000045       0x46 CMakeFiles/mecanum_pid_3.elf.dir/Drivers/STM32F1xx_HAL_Driver/Src/stm32f1xx_hal_tim_ex.c.obj

.debug_frame    0x00000000     0x29cc
 .debug_frame   0x00000000       0x5c CMakeFiles/mecanum_pid_3.elf.dir/Core/Src/PID.cpp.obj
 .debug_frame   0x0000005c       0x68 CMakeFiles/mecanum_pid_3.elf.dir/Core/Src/encoder.cpp.obj
 .debug_frame   0x000000c4       0x28 CMakeFiles/mecanum_pid_3.elf.dir/Core/Src/gpio.c.obj
 .debug_frame   0x000000ec       0x58 CMakeFiles/mecanum_pid_3.elf.dir/Core/Src/main.c.obj
 .debug_frame   0x00000144       0xa4 CMakeFiles/mecanum_pid_3.elf.dir/Core/Src/mecanum.cpp.obj
 .debug_frame   0x000001e8       0x3c CMakeFiles/mecanum_pid_3.elf.dir/Core/Src/motor.cpp.obj
 .debug_frame   0x00000224       0x34 CMakeFiles/mecanum_pid_3.elf.dir/Core/Src/robot.cpp.obj
 .debug_frame   0x00000258       0x28 CMakeFiles/mecanum_pid_3.elf.dir/Core/Src/stm32f1xx_hal_msp.c.obj
 .debug_frame   0x00000280       0xa8 CMakeFiles/mecanum_pid_3.elf.dir/Core/Src/stm32f1xx_it.c.obj
 .debug_frame   0x00000328      0x190 CMakeFiles/mecanum_pid_3.elf.dir/Core/Src/syscalls.c.obj
 .debug_frame   0x000004b8       0x30 CMakeFiles/mecanum_pid_3.elf.dir/Core/Src/system_stm32f1xx.c.obj
 .debug_frame   0x000004e8      0x15c CMakeFiles/mecanum_pid_3.elf.dir/Core/Src/tim.c.obj
 .debug_frame   0x00000644      0x1cc CMakeFiles/mecanum_pid_3.elf.dir/Drivers/STM32F1xx_HAL_Driver/Src/stm32f1xx_hal.c.obj
 .debug_frame   0x00000810      0x19c CMakeFiles/mecanum_pid_3.elf.dir/Drivers/STM32F1xx_HAL_Driver/Src/stm32f1xx_hal_cortex.c.obj
 .debug_frame   0x000009ac       0xe4 CMakeFiles/mecanum_pid_3.elf.dir/Drivers/STM32F1xx_HAL_Driver/Src/stm32f1xx_hal_gpio.c.obj
 .debug_frame   0x00000a90      0x184 CMakeFiles/mecanum_pid_3.elf.dir/Drivers/STM32F1xx_HAL_Driver/Src/stm32f1xx_hal_rcc.c.obj
 .debug_frame   0x00000c14      0xb08 CMakeFiles/mecanum_pid_3.elf.dir/Drivers/STM32F1xx_HAL_Driver/Src/stm32f1xx_hal_tim.c.obj
 .debug_frame   0x0000171c      0x418 CMakeFiles/mecanum_pid_3.elf.dir/Drivers/STM32F1xx_HAL_Driver/Src/stm32f1xx_hal_tim_ex.c.obj
 .debug_frame   0x00001b34       0x48 D:/msys64/arm-gnu-toolchain-14.2.rel1-mingw-w64-i686-arm-none-eabi/bin/../lib/gcc/arm-none-eabi/14.2.1/thumb/v7-m/nofp\libm.a(libm_a-s_cos.o)
 .debug_frame   0x00001b7c       0x40 D:/msys64/arm-gnu-toolchain-14.2.rel1-mingw-w64-i686-arm-none-eabi/bin/../lib/gcc/arm-none-eabi/14.2.1/thumb/v7-m/nofp\libm.a(libm_a-s_sin.o)
 .debug_frame   0x00001bbc       0x4c D:/msys64/arm-gnu-toolchain-14.2.rel1-mingw-w64-i686-arm-none-eabi/bin/../lib/gcc/arm-none-eabi/14.2.1/thumb/v7-m/nofp\libm.a(libm_a-k_cos.o)
 .debug_frame   0x00001c08       0x48 D:/msys64/arm-gnu-toolchain-14.2.rel1-mingw-w64-i686-arm-none-eabi/bin/../lib/gcc/arm-none-eabi/14.2.1/thumb/v7-m/nofp\libm.a(libm_a-k_sin.o)
 .debug_frame   0x00001c50       0x48 D:/msys64/arm-gnu-toolchain-14.2.rel1-mingw-w64-i686-arm-none-eabi/bin/../lib/gcc/arm-none-eabi/14.2.1/thumb/v7-m/nofp\libm.a(libm_a-e_rem_pio2.o)
 .debug_frame   0x00001c98       0x20 D:/msys64/arm-gnu-toolchain-14.2.rel1-mingw-w64-i686-arm-none-eabi/bin/../lib/gcc/arm-none-eabi/14.2.1/thumb/v7-m/nofp\libm.a(libm_a-s_fabs.o)
 .debug_frame   0x00001cb8       0x58 D:/msys64/arm-gnu-toolchain-14.2.rel1-mingw-w64-i686-arm-none-eabi/bin/../lib/gcc/arm-none-eabi/14.2.1/thumb/v7-m/nofp\libm.a(libm_a-k_rem_pio2.o)
 .debug_frame   0x00001d10       0x30 D:/msys64/arm-gnu-toolchain-14.2.rel1-mingw-w64-i686-arm-none-eabi/bin/../lib/gcc/arm-none-eabi/14.2.1/thumb/v7-m/nofp\libm.a(libm_a-s_scalbn.o)
 .debug_frame   0x00001d40       0x30 D:/msys64/arm-gnu-toolchain-14.2.rel1-mingw-w64-i686-arm-none-eabi/bin/../lib/gcc/arm-none-eabi/14.2.1/thumb/v7-m/nofp\libm.a(libm_a-s_floor.o)
 .debug_frame   0x00001d70       0x24 D:/msys64/arm-gnu-toolchain-14.2.rel1-mingw-w64-i686-arm-none-eabi/bin/../lib/gcc/arm-none-eabi/14.2.1/thumb/v7-m/nofp\libgcc.a(_arm_mulsf3.o)
 .debug_frame   0x00001d94       0xac D:/msys64/arm-gnu-toolchain-14.2.rel1-mingw-w64-i686-arm-none-eabi/bin/../lib/gcc/arm-none-eabi/14.2.1/thumb/v7-m/nofp\libgcc.a(_arm_addsubdf3.o)
 .debug_frame   0x00001e40       0x50 D:/msys64/arm-gnu-toolchain-14.2.rel1-mingw-w64-i686-arm-none-eabi/bin/../lib/gcc/arm-none-eabi/14.2.1/thumb/v7-m/nofp\libgcc.a(_arm_muldivdf3.o)
 .debug_frame   0x00001e90       0xc4 D:/msys64/arm-gnu-toolchain-14.2.rel1-mingw-w64-i686-arm-none-eabi/bin/../lib/gcc/arm-none-eabi/14.2.1/thumb/v7-m/nofp\libgcc.a(_arm_cmpdf2.o)
 .debug_frame   0x00001f54       0x24 D:/msys64/arm-gnu-toolchain-14.2.rel1-mingw-w64-i686-arm-none-eabi/bin/../lib/gcc/arm-none-eabi/14.2.1/thumb/v7-m/nofp\libgcc.a(_arm_fixdfsi.o)
 .debug_frame   0x00001f78       0x24 D:/msys64/arm-gnu-toolchain-14.2.rel1-mingw-w64-i686-arm-none-eabi/bin/../lib/gcc/arm-none-eabi/14.2.1/thumb/v7-m/nofp\libgcc.a(_arm_truncdfsf2.o)
 .debug_frame   0x00001f9c       0x4c D:/msys64/arm-gnu-toolchain-14.2.rel1-mingw-w64-i686-arm-none-eabi/bin/../lib/gcc/arm-none-eabi/14.2.1/thumb/v7-m/nofp\libgcc.a(_arm_addsubsf3.o)
 .debug_frame   0x00001fe8       0xc8 D:/msys64/arm-gnu-toolchain-14.2.rel1-mingw-w64-i686-arm-none-eabi/bin/../lib/gcc/arm-none-eabi/14.2.1/thumb/v7-m/nofp\libgcc.a(_arm_cmpsf2.o)
 .debug_frame   0x000020b0       0x24 D:/msys64/arm-gnu-toolchain-14.2.rel1-mingw-w64-i686-arm-none-eabi/bin/../lib/gcc/arm-none-eabi/14.2.1/thumb/v7-m/nofp\libgcc.a(_arm_fixsfsi.o)